[worker] pending job found: 543b7dc2-e017-452d-aaa0-174ee18e74b0
[worker] claimGenerationJob result: claimed
[worker] calling runGenerationPipeline 543b7dc2-e017-452d-aaa0-174ee18e74b0
[PIPELINE] start 543b7dc2-e017-452d-aaa0-174ee18e74b0
[PIPELINE] stage 1 done — job claimed by worker 543b7dc2-e017-452d-aaa0-174ee18e74b0
[PIPELINE] calling runStages 543b7dc2-e017-452d-aaa0-174ee18e74b0
[PIPELINE] runStages start 543b7dc2-e017-452d-aaa0-174ee18e74b0 targetAssetId: hat_gen_543b7dc2
[PIPELINE] stage 2 start — calling avatar_assets ownership query 543b7dc2-e017-452d-aaa0-174ee18e74b0
[PIPELINE] stage 2 done 543b7dc2-e017-452d-aaa0-174ee18e74b0
[PIPELINE] stage 3 — generating GLB + PNG bytes 543b7dc2-e017-452d-aaa0-174ee18e74b0
[PIPELINE] stage 3 — bytes generated, GLB: 48 thumb: 67
[PIPELINE] stage 3 — calling uploadFileBytes GLB staging 543b7dc2-e017-452d-aaa0-174ee18e74b0 543b7dc2-e017-452d-aaa0-174ee18e74b0/generated.glb
[PIPELINE] stage 3 — calling uploadFileBytes thumbnail staging 543b7dc2-e017-452d-aaa0-174ee18e74b0 543b7dc2-e017-452d-aaa0-174ee18e74b0/thumbnail.png
[PIPELINE] stage 3 — calling setGeneratedFiles 543b7dc2-e017-452d-aaa0-174ee18e74b0
[DB] setGeneratedFiles calling RPC 543b7dc2-e017-452d-aaa0-174ee18e74b0 { previousVersion: 0, claimedAt: "2026-05-08T14:45:29.215778+00:00" }
[PIPELINE] stage 3 done 543b7dc2-e017-452d-aaa0-174ee18e74b0
[PIPELINE] stage 4 start — calling checkCopyright 543b7dc2-e017-452d-aaa0-174ee18e74b0
[PIPELINE] stage 4 — calling setCopyrightReview, verdict: clear 543b7dc2-e017-452d-aaa0-174ee18e74b0
[DB] query created 543b7dc2-e017-452d-aaa0-174ee18e74b0
[DB] query resolved 543b7dc2-e017-452d-aaa0-174ee18e74b0
[DB] parsed result 543b7dc2-e017-452d-aaa0-174ee18e74b0 HAS DATA NO ERROR
[PIPELINE] stage 4 — setCopyrightReview returned, updatedJob: set 543b7dc2-e017-452d-aaa0-174ee18e74b0
[PIPELINE] stage 4 done — setCopyrightReview CAS passed, result: clear 543b7dc2-e017-452d-aaa0-174ee18e74b0
[PIPELINE] stage 5 done — copyright gate passed, proceeding to stages 6-8 543b7dc2-e017-452d-aaa0-174ee18e74b0
[PIPELINE] stage 5 — SKIP_ONBOARDING: false 543b7dc2-e017-452d-aaa0-174ee18e74b0
[PIPELINE] stage 6 start — production re-check 543b7dc2-e017-452d-aaa0-174ee18e74b0
[PIPELINE] stage 6 start — supabase.from(avatar_assets).select(production_enabled) 543b7dc2-e017-452d-aaa0-174ee18e74b0 hat_gen_543b7dc2
[PIPELINE] stage 6 — production recheck returned, recheckError: none recheckAsset: null 543b7dc2-e017-452d-aaa0-174ee18e74b0
[PIPELINE] stage 6 done — production recheck passed 543b7dc2-e017-452d-aaa0-174ee18e74b0
[PIPELINE] stage 7 start — buildOnboardingMetadata 543b7dc2-e017-452d-aaa0-174ee18e74b0
[PIPELINE] stage 7 — buildOnboardingMetadata done, glbStagingStoragePath: 543b7dc2-e017-452d-aaa0-174ee18e74b0/generated.glb 543b7dc2-e017-452d-aaa0-174ee18e74b0
[PIPELINE] stage 7 — calling onboardingSubmit 543b7dc2-e017-452d-aaa0-174ee18e74b0 triggeredBy: generation-pipeline:543b7dc2-e017-452d-aaa0-174ee18e74b0 glbStagingStoragePath: 543b7dc2-e017-452d-aaa0-174ee18e74b0/generated.glb onboardingMetadata: {"schema_version":"1.0","identity":{"asset_id":"hat_gen_543b7dc2","slot":"hat","display_name":"a verification hat for F-1 fix","version":"1.0","status":"draft","created_by":"generation-pipeline:543b7dc2-e017-452d-aaa0-174ee18e74b0","created_at":"2026-05-08","approved_by":null,"approved_at":null},"classification":{"rarity":"standard","school_safe":false,"moderation_required":true,"whitelist_approved":false},"visual":{"primary_color":null,"secondary_color":null,"accent_color":null,"silhouette_type":"hat","thumbnail_priority":5},"technical":{"polycount_max":10000,"polycount_actual":1,"texture_resolution":"256x256","texture_format":"png","texture_embedded":false,"export_format":"glb","file_size_kb_max":1024,"file_size_kb_actual":1,"attachment_type":"parented","attachment_bone":"attach_head","rig_required":false},"validation":{"copyright_review_passed":false,"school_safe_review_passed":false,"thumbnail_readability_passed":false,"clipping_test_passed":false,"browser_validation_passed":false,"qa_approved":false},"forbidden_reference_check":{"fortnite":false,"roblox":false,"minecraft":false,"nike":false,"adidas":false,"jordan":false,"marvel":false,"disney":false,"star_wars":false,"political_symbols":false,"nazi_symbols":false},"deployment":{"production_enabled":false,"release_group":"v1","rollout_stage":"none"},"audit":{"last_modified_by":"generation-pipeline:543b7dc2-e017-452d-aaa0-174ee18e74b0","last_modified_at":"2026-05-08","review_notes":null}}
[PIPELINE] stage 7 — onboardingSubmit returned 543b7dc2-e017-452d-aaa0-174ee18e74b0
[PIPELINE] stage 7 — onboardingResult raw: {"success":true,"action":"submit","asset_id":"hat_gen_543b7dc2","message":"Asset onboarded successfully — 1 warning(s) recorded","asset":{"asset_id":"hat_gen_543b7dc2","slot":"hat","display_name":"a verification hat for F-1 fix","current_status":"draft","production_enabled":false,"storage_path":"543b7dc2-e017-452d-aaa0-174ee18e74b0/generated.glb","metadata":{"audit":{"review_notes":null,"last_modified_at":"2026-05-08","last_modified_by":"generation-pipeline:543b7dc2-e017-452d-aaa0-174ee18e74b0"},"visual":{"accent_color":null,"primary_color":null,"secondary_color":null,"silhouette_type":"hat","thumbnail_priority":5},"identity":{"slot":"hat","status":"draft","version":"1.0","asset_id":"hat_gen_543b7dc2","created_at":"2026-05-08","created_by":"generation-pipeline:543b7dc2-e017-452d-aaa0-174ee18e74b0","approved_at":null,"approved_by":null,"display_name":"a verification hat for F-1 fix"},"technical":{"rig_required":false,"export_format":"glb","polycount_max":10000,"texture_format":"png","attachment_bone":"attach_head","attachment_type":"parented","file_size_kb_max":1024,"polycount_actual":1,"texture_embedded":false,"texture_resolution":"256x256","file_size_kb_actual":1},"deployment":{"release_group":"v1","rollout_stage":"none","production_enabled":false},"validation":{"qa_approved":false,"clipping_test_passed":false,"copyright_review_passed":false,"browser_validation_passed":false,"school_safe_review_passed":false,"thumbnail_readability_passed":false},"classification":{"rarity":"standard","school_safe":false,"whitelist_approved":false,"moderation_required":true},"schema_version":"1.0","forbidden_reference_check":{"nike":false,"adidas":false,"disney":false,"jordan":false,"marvel":false,"roblox":false,"fortnite":false,"minecraft":false,"star_wars":false,"nazi_symbols":false,"political_symbols":false}},"created_by":"generation-pipeline:543b7dc2-e017-452d-aaa0-174ee18e74b0","created_at":"2026-05-08T14:45:31.531+00:00","last_modified_by":"generation-pipeline:543b7dc2-e017-452d-aaa0-174ee18e74b0","last_modified_at":"2026-05-08T14:45:31.531+00:00"},"validation_run":{"id":"55a67bd9-a74a-443b-9ac8-2fabd9760ac3","asset_id":"hat_gen_543b7dc2","run_at":"2026-05-08T14:45:31.695406+00:00","triggered_by":"generation-pipeline:543b7dc2-e017-452d-aaa0-174ee18e74b0","payload":{"audit":{"review_notes":null,"last_modified_at":"2026-05-08","last_modified_by":"generation-pipeline:543b7dc2-e017-452d-aaa0-174ee18e74b0"},"visual":{"accent_color":null,"primary_color":null,"secondary_color":null,"silhouette_type":"hat","thumbnail_priority":5},"identity":{"slot":"hat","status":"draft","version":"1.0","asset_id":"hat_gen_543b7dc2","created_at":"2026-05-08","created_by":"generation-pipeline:543b7dc2-e017-452d-aaa0-174ee18e74b0","approved_at":null,"approved_by":null,"display_name":"a verification hat for F-1 fix"},"technical":{"rig_required":false,"export_format":"glb","polycount_max":10000,"texture_format":"png","attachment_bone":"attach_head","attachment_type":"parented","file_size_kb_max":1024,"polycount_actual":1,"texture_embedded":false,"texture_resolution":"256x256","file_size_kb_actual":1},"deployment":{"release_group":"v1","rollout_stage":"none","production_enabled":false},"validation":{"qa_approved":false,"clipping_test_passed":false,"copyright_review_passed":false,"browser_validation_passed":false,"school_safe_review_passed":false,"thumbnail_readability_passed":false},"classification":{"rarity":"standard","school_safe":false,"whitelist_approved":false,"moderation_required":true},"schema_version":"1.0","forbidden_reference_check":{"nike":false,"adidas":false,"disney":false,"jordan":false,"marvel":false,"roblox":false,"fortnite":false,"minecraft":false,"star_wars":false,"nazi_symbols":false,"political_symbols":false}},"response":{"valid":true,"errors":[],"asset_id":"hat_gen_543b7dc2","warnings":[{"field":"technical.polycount_actual","actual":"1","message":"polycount_actual is at or below 50% of polycount_max — asset may be under-detailed for its declared budget","rule_id":"RULE-NUM-005","expected":"> 5000 (50% of polycount_max 10000)","severity":"WARNING"}],"manual_review_flags":[]},"valid":true,"error_count":0,"warning_count":1,"manual_review_count":0},"validation_errors":[],"validation_warnings":[{"rule_id":"RULE-NUM-005","severity":"WARNING","field":"technical.polycount_actual","message":"polycount_actual is at or below 50% of polycount_max — asset may be under-detailed for its declared budget","expected":"> 5000 (50% of polycount_max 10000)","actual":"1"}],"validation_manual_review_flags":[],"review_items_created":0,"open_review_items":[]} 543b7dc2-e017-452d-aaa0-174ee18e74b0
[PIPELINE] stage 7 — checking onboardingResult.success 543b7dc2-e017-452d-aaa0-174ee18e74b0
[PIPELINE] stage 7 — success branch entered, success: true 543b7dc2-e017-452d-aaa0-174ee18e74b0
[PIPELINE] stage 7 — assigning onboardingValidationRunId 543b7dc2-e017-452d-aaa0-174ee18e74b0
[PIPELINE] stage 7 — onboardingValidationRunId assigned: 55a67bd9-a74a-443b-9ac8-2fabd9760ac3 543b7dc2-e017-452d-aaa0-174ee18e74b0
[PIPELINE] stage 7 — calling logEvent passed 543b7dc2-e017-452d-aaa0-174ee18e74b0
[PIPELINE] stage 7 done — callOnboardingSubmit accepted, validationRunId: 55a67bd9-a74a-443b-9ac8-2fabd9760ac3 543b7dc2-e017-452d-aaa0-174ee18e74b0
[PIPELINE] stage 8 start — uploadFileBytes GLB production 543b7dc2-e017-452d-aaa0-174ee18e74b0 hat_gen_543b7dc2.glb
[PIPELINE] stage 8 done — uploadFileBytes GLB production 543b7dc2-e017-452d-aaa0-174ee18e74b0
[PIPELINE] stage 8 start — uploadFileBytes thumbnail production 543b7dc2-e017-452d-aaa0-174ee18e74b0 hat_gen_543b7dc2.png
[PIPELINE] stage 8 done — uploadFileBytes thumbnail production 543b7dc2-e017-452d-aaa0-174ee18e74b0
[PIPELINE] stage 8 start — completeGenerationJob 543b7dc2-e017-452d-aaa0-174ee18e74b0 hat_gen_543b7dc2 validationRunId: 55a67bd9-a74a-443b-9ac8-2fabd9760ac3
[DB] completion affected rows: 1
[PIPELINE] stage 8 done — completeGenerationJob 543b7dc2-e017-452d-aaa0-174ee18e74b0
