[worker] pending job found: 81ad3657-eda7-4bb4-81f6-59ba60f660e2
[worker] claimGenerationJob result: claimed
[worker] calling runGenerationPipeline 81ad3657-eda7-4bb4-81f6-59ba60f660e2
[PIPELINE] start 81ad3657-eda7-4bb4-81f6-59ba60f660e2
[PIPELINE] stage 1 done — job claimed by worker 81ad3657-eda7-4bb4-81f6-59ba60f660e2
[PIPELINE] calling runStages 81ad3657-eda7-4bb4-81f6-59ba60f660e2
[PIPELINE] runStages start 81ad3657-eda7-4bb4-81f6-59ba60f660e2 targetAssetId: hat_gen_81ad3657
[PIPELINE] stage 2 start — calling avatar_assets ownership query 81ad3657-eda7-4bb4-81f6-59ba60f660e2
[PIPELINE] stage 2 done 81ad3657-eda7-4bb4-81f6-59ba60f660e2
[PIPELINE] stage 3 — generating GLB + PNG bytes 81ad3657-eda7-4bb4-81f6-59ba60f660e2
[PIPELINE] stage 3 — bytes generated, GLB: 48 thumb: 67
[PIPELINE] stage 3 — calling uploadFileBytes GLB staging 81ad3657-eda7-4bb4-81f6-59ba60f660e2 81ad3657-eda7-4bb4-81f6-59ba60f660e2/generated.glb
[PIPELINE] stage 3 — calling uploadFileBytes thumbnail staging 81ad3657-eda7-4bb4-81f6-59ba60f660e2 81ad3657-eda7-4bb4-81f6-59ba60f660e2/thumbnail.png
[PIPELINE] stage 3 — calling setGeneratedFiles 81ad3657-eda7-4bb4-81f6-59ba60f660e2
[DB] setGeneratedFiles calling RPC 81ad3657-eda7-4bb4-81f6-59ba60f660e2 { previousVersion: 0, claimedAt: "2026-05-08T14:57:49.379145+00:00" }
[PIPELINE] stage 3 done 81ad3657-eda7-4bb4-81f6-59ba60f660e2
[PIPELINE] stage 4 start — calling checkCopyright 81ad3657-eda7-4bb4-81f6-59ba60f660e2
[PIPELINE] stage 4 — calling setCopyrightReview, verdict: clear 81ad3657-eda7-4bb4-81f6-59ba60f660e2
[DB] query created 81ad3657-eda7-4bb4-81f6-59ba60f660e2
[DB] query resolved 81ad3657-eda7-4bb4-81f6-59ba60f660e2
[DB] parsed result 81ad3657-eda7-4bb4-81f6-59ba60f660e2 HAS DATA NO ERROR
[PIPELINE] stage 4 — setCopyrightReview returned, updatedJob: set 81ad3657-eda7-4bb4-81f6-59ba60f660e2
[PIPELINE] stage 4 done — setCopyrightReview CAS passed, result: clear 81ad3657-eda7-4bb4-81f6-59ba60f660e2
[PIPELINE] stage 5 done — copyright gate passed, proceeding to stages 6-8 81ad3657-eda7-4bb4-81f6-59ba60f660e2
[PIPELINE] stage 5 — SKIP_ONBOARDING: false 81ad3657-eda7-4bb4-81f6-59ba60f660e2
[PIPELINE] stage 6 start — production re-check 81ad3657-eda7-4bb4-81f6-59ba60f660e2
[PIPELINE] stage 6 start — supabase.from(avatar_assets).select(production_enabled) 81ad3657-eda7-4bb4-81f6-59ba60f660e2 hat_gen_81ad3657
[PIPELINE] stage 6 — production recheck returned, recheckError: none recheckAsset: null 81ad3657-eda7-4bb4-81f6-59ba60f660e2
[PIPELINE] stage 6 done — production recheck passed 81ad3657-eda7-4bb4-81f6-59ba60f660e2
[PIPELINE] stage 7 start — buildOnboardingMetadata 81ad3657-eda7-4bb4-81f6-59ba60f660e2
[PIPELINE] stage 7 — buildOnboardingMetadata done, glbStagingStoragePath: 81ad3657-eda7-4bb4-81f6-59ba60f660e2/generated.glb 81ad3657-eda7-4bb4-81f6-59ba60f660e2
[PIPELINE] stage 7 — calling onboardingSubmit 81ad3657-eda7-4bb4-81f6-59ba60f660e2 triggeredBy: generation-pipeline:81ad3657-eda7-4bb4-81f6-59ba60f660e2 glbStagingStoragePath: 81ad3657-eda7-4bb4-81f6-59ba60f660e2/generated.glb onboardingMetadata: {"schema_version":"1.0","identity":{"asset_id":"hat_gen_81ad3657","slot":"hat","display_name":"a wide-brimmed sun hat with floral decoration","version":"1.0","status":"draft","created_by":"generation-pipeline:81ad3657-eda7-4bb4-81f6-59ba60f660e2","created_at":"2026-05-08","approved_by":null,"approved_at":null},"classification":{"rarity":"standard","school_safe":false,"moderation_required":true,"whitelist_approved":false},"visual":{"primary_color":null,"secondary_color":null,"accent_color":null,"silhouette_type":"hat","thumbnail_priority":5},"technical":{"polycount_max":10000,"polycount_actual":1,"texture_resolution":"256x256","texture_format":"png","texture_embedded":false,"export_format":"glb","file_size_kb_max":1024,"file_size_kb_actual":1,"attachment_type":"parented","attachment_bone":"attach_head","rig_required":false},"validation":{"copyright_review_passed":false,"school_safe_review_passed":false,"thumbnail_readability_passed":false,"clipping_test_passed":false,"browser_validation_passed":false,"qa_approved":false},"forbidden_reference_check":{"fortnite":false,"roblox":false,"minecraft":false,"nike":false,"adidas":false,"jordan":false,"marvel":false,"disney":false,"star_wars":false,"political_symbols":false,"nazi_symbols":false},"deployment":{"production_enabled":false,"release_group":"v1","rollout_stage":"none"},"audit":{"last_modified_by":"generation-pipeline:81ad3657-eda7-4bb4-81f6-59ba60f660e2","last_modified_at":"2026-05-08","review_notes":null}}
[PIPELINE] stage 7 — onboardingSubmit returned 81ad3657-eda7-4bb4-81f6-59ba60f660e2
[PIPELINE] stage 7 — onboardingResult raw: {"success":true,"action":"submit","asset_id":"hat_gen_81ad3657","message":"Asset onboarded successfully — 1 warning(s) recorded","asset":{"asset_id":"hat_gen_81ad3657","slot":"hat","display_name":"a wide-brimmed sun hat with floral decoration","current_status":"draft","production_enabled":false,"storage_path":"81ad3657-eda7-4bb4-81f6-59ba60f660e2/generated.glb","metadata":{"audit":{"review_notes":null,"last_modified_at":"2026-05-08","last_modified_by":"generation-pipeline:81ad3657-eda7-4bb4-81f6-59ba60f660e2"},"visual":{"accent_color":null,"primary_color":null,"secondary_color":null,"silhouette_type":"hat","thumbnail_priority":5},"identity":{"slot":"hat","status":"draft","version":"1.0","asset_id":"hat_gen_81ad3657","created_at":"2026-05-08","created_by":"generation-pipeline:81ad3657-eda7-4bb4-81f6-59ba60f660e2","approved_at":null,"approved_by":null,"display_name":"a wide-brimmed sun hat with floral decoration"},"technical":{"rig_required":false,"export_format":"glb","polycount_max":10000,"texture_format":"png","attachment_bone":"attach_head","attachment_type":"parented","file_size_kb_max":1024,"polycount_actual":1,"texture_embedded":false,"texture_resolution":"256x256","file_size_kb_actual":1},"deployment":{"release_group":"v1","rollout_stage":"none","production_enabled":false},"validation":{"qa_approved":false,"clipping_test_passed":false,"copyright_review_passed":false,"browser_validation_passed":false,"school_safe_review_passed":false,"thumbnail_readability_passed":false},"classification":{"rarity":"standard","school_safe":false,"whitelist_approved":false,"moderation_required":true},"schema_version":"1.0","forbidden_reference_check":{"nike":false,"adidas":false,"disney":false,"jordan":false,"marvel":false,"roblox":false,"fortnite":false,"minecraft":false,"star_wars":false,"nazi_symbols":false,"political_symbols":false}},"created_by":"generation-pipeline:81ad3657-eda7-4bb4-81f6-59ba60f660e2","created_at":"2026-05-08T14:57:51.248+00:00","last_modified_by":"generation-pipeline:81ad3657-eda7-4bb4-81f6-59ba60f660e2","last_modified_at":"2026-05-08T14:57:51.248+00:00"},"validation_run":{"id":"362a87e1-1b94-46db-af63-c9f02ee9dc55","asset_id":"hat_gen_81ad3657","run_at":"2026-05-08T14:57:51.396222+00:00","triggered_by":"generation-pipeline:81ad3657-eda7-4bb4-81f6-59ba60f660e2","payload":{"audit":{"review_notes":null,"last_modified_at":"2026-05-08","last_modified_by":"generation-pipeline:81ad3657-eda7-4bb4-81f6-59ba60f660e2"},"visual":{"accent_color":null,"primary_color":null,"secondary_color":null,"silhouette_type":"hat","thumbnail_priority":5},"identity":{"slot":"hat","status":"draft","version":"1.0","asset_id":"hat_gen_81ad3657","created_at":"2026-05-08","created_by":"generation-pipeline:81ad3657-eda7-4bb4-81f6-59ba60f660e2","approved_at":null,"approved_by":null,"display_name":"a wide-brimmed sun hat with floral decoration"},"technical":{"rig_required":false,"export_format":"glb","polycount_max":10000,"texture_format":"png","attachment_bone":"attach_head","attachment_type":"parented","file_size_kb_max":1024,"polycount_actual":1,"texture_embedded":false,"texture_resolution":"256x256","file_size_kb_actual":1},"deployment":{"release_group":"v1","rollout_stage":"none","production_enabled":false},"validation":{"qa_approved":false,"clipping_test_passed":false,"copyright_review_passed":false,"browser_validation_passed":false,"school_safe_review_passed":false,"thumbnail_readability_passed":false},"classification":{"rarity":"standard","school_safe":false,"whitelist_approved":false,"moderation_required":true},"schema_version":"1.0","forbidden_reference_check":{"nike":false,"adidas":false,"disney":false,"jordan":false,"marvel":false,"roblox":false,"fortnite":false,"minecraft":false,"star_wars":false,"nazi_symbols":false,"political_symbols":false}},"response":{"valid":true,"errors":[],"asset_id":"hat_gen_81ad3657","warnings":[{"field":"technical.polycount_actual","actual":"1","message":"polycount_actual is at or below 50% of polycount_max — asset may be under-detailed for its declared budget","rule_id":"RULE-NUM-005","expected":"> 5000 (50% of polycount_max 10000)","severity":"WARNING"}],"manual_review_flags":[]},"valid":true,"error_count":0,"warning_count":1,"manual_review_count":0},"validation_errors":[],"validation_warnings":[{"rule_id":"RULE-NUM-005","severity":"WARNING","field":"technical.polycount_actual","message":"polycount_actual is at or below 50% of polycount_max — asset may be under-detailed for its declared budget","expected":"> 5000 (50% of polycount_max 10000)","actual":"1"}],"validation_manual_review_flags":[],"review_items_created":0,"open_review_items":[]} 81ad3657-eda7-4bb4-81f6-59ba60f660e2
[PIPELINE] stage 7 — checking onboardingResult.success 81ad3657-eda7-4bb4-81f6-59ba60f660e2
[PIPELINE] stage 7 — success branch entered, success: true 81ad3657-eda7-4bb4-81f6-59ba60f660e2
[PIPELINE] stage 7 — assigning onboardingValidationRunId 81ad3657-eda7-4bb4-81f6-59ba60f660e2
[PIPELINE] stage 7 — onboardingValidationRunId assigned: 362a87e1-1b94-46db-af63-c9f02ee9dc55 81ad3657-eda7-4bb4-81f6-59ba60f660e2
[PIPELINE] stage 7 — calling logEvent passed 81ad3657-eda7-4bb4-81f6-59ba60f660e2
[PIPELINE] stage 7 done — callOnboardingSubmit accepted, validationRunId: 362a87e1-1b94-46db-af63-c9f02ee9dc55 81ad3657-eda7-4bb4-81f6-59ba60f660e2
[PIPELINE] stage 8 start — uploadFileBytes GLB production 81ad3657-eda7-4bb4-81f6-59ba60f660e2 hat_gen_81ad3657.glb
[PIPELINE] stage 8 done — uploadFileBytes GLB production 81ad3657-eda7-4bb4-81f6-59ba60f660e2
[PIPELINE] stage 8 start — uploadFileBytes thumbnail production 81ad3657-eda7-4bb4-81f6-59ba60f660e2 hat_gen_81ad3657.png
[PIPELINE] stage 8 done — uploadFileBytes thumbnail production 81ad3657-eda7-4bb4-81f6-59ba60f660e2
[PIPELINE] stage 8 start — completeGenerationJob 81ad3657-eda7-4bb4-81f6-59ba60f660e2 hat_gen_81ad3657 validationRunId: 362a87e1-1b94-46db-af63-c9f02ee9dc55
[DB] completion affected rows: 1
[PIPELINE] stage 8 done — completeGenerationJob 81ad3657-eda7-4bb4-81f6-59ba60f660e2
[worker] pending job found: a65fd9cd-e9f5-47c3-8628-0a1de983755f
[worker] claimGenerationJob result: claimed
[worker] calling runGenerationPipeline a65fd9cd-e9f5-47c3-8628-0a1de983755f
[PIPELINE] start a65fd9cd-e9f5-47c3-8628-0a1de983755f
[PIPELINE] stage 1 done — job claimed by worker a65fd9cd-e9f5-47c3-8628-0a1de983755f
[PIPELINE] calling runStages a65fd9cd-e9f5-47c3-8628-0a1de983755f
[PIPELINE] runStages start a65fd9cd-e9f5-47c3-8628-0a1de983755f targetAssetId: hat_gen_a65fd9cd
[PIPELINE] stage 2 start — calling avatar_assets ownership query a65fd9cd-e9f5-47c3-8628-0a1de983755f
[PIPELINE] stage 2 done a65fd9cd-e9f5-47c3-8628-0a1de983755f
[PIPELINE] stage 3 — generating GLB + PNG bytes a65fd9cd-e9f5-47c3-8628-0a1de983755f
[PIPELINE] stage 3 — bytes generated, GLB: 48 thumb: 67
[PIPELINE] stage 3 — calling uploadFileBytes GLB staging a65fd9cd-e9f5-47c3-8628-0a1de983755f a65fd9cd-e9f5-47c3-8628-0a1de983755f/generated.glb
[PIPELINE] stage 3 — calling uploadFileBytes thumbnail staging a65fd9cd-e9f5-47c3-8628-0a1de983755f a65fd9cd-e9f5-47c3-8628-0a1de983755f/thumbnail.png
[PIPELINE] stage 3 — calling setGeneratedFiles a65fd9cd-e9f5-47c3-8628-0a1de983755f
[DB] setGeneratedFiles calling RPC a65fd9cd-e9f5-47c3-8628-0a1de983755f { previousVersion: 0, claimedAt: "2026-05-08T14:57:52.46782+00:00" }
[PIPELINE] stage 3 done a65fd9cd-e9f5-47c3-8628-0a1de983755f
[PIPELINE] stage 4 start — calling checkCopyright a65fd9cd-e9f5-47c3-8628-0a1de983755f
[PIPELINE] stage 4 — calling setCopyrightReview, verdict: clear a65fd9cd-e9f5-47c3-8628-0a1de983755f
[DB] query created a65fd9cd-e9f5-47c3-8628-0a1de983755f
[DB] query resolved a65fd9cd-e9f5-47c3-8628-0a1de983755f
[DB] parsed result a65fd9cd-e9f5-47c3-8628-0a1de983755f HAS DATA NO ERROR
[PIPELINE] stage 4 — setCopyrightReview returned, updatedJob: set a65fd9cd-e9f5-47c3-8628-0a1de983755f
[PIPELINE] stage 4 done — setCopyrightReview CAS passed, result: clear a65fd9cd-e9f5-47c3-8628-0a1de983755f
[PIPELINE] stage 5 done — copyright gate passed, proceeding to stages 6-8 a65fd9cd-e9f5-47c3-8628-0a1de983755f
[PIPELINE] stage 5 — SKIP_ONBOARDING: false a65fd9cd-e9f5-47c3-8628-0a1de983755f
[PIPELINE] stage 6 start — production re-check a65fd9cd-e9f5-47c3-8628-0a1de983755f
[PIPELINE] stage 6 start — supabase.from(avatar_assets).select(production_enabled) a65fd9cd-e9f5-47c3-8628-0a1de983755f hat_gen_a65fd9cd
[PIPELINE] stage 6 — production recheck returned, recheckError: none recheckAsset: null a65fd9cd-e9f5-47c3-8628-0a1de983755f
[PIPELINE] stage 6 done — production recheck passed a65fd9cd-e9f5-47c3-8628-0a1de983755f
[PIPELINE] stage 7 start — buildOnboardingMetadata a65fd9cd-e9f5-47c3-8628-0a1de983755f
[PIPELINE] stage 7 — buildOnboardingMetadata done, glbStagingStoragePath: a65fd9cd-e9f5-47c3-8628-0a1de983755f/generated.glb a65fd9cd-e9f5-47c3-8628-0a1de983755f
[PIPELINE] stage 7 — calling onboardingSubmit a65fd9cd-e9f5-47c3-8628-0a1de983755f triggeredBy: generation-pipeline:a65fd9cd-e9f5-47c3-8628-0a1de983755f glbStagingStoragePath: a65fd9cd-e9f5-47c3-8628-0a1de983755f/generated.glb onboardingMetadata: {"schema_version":"1.0","identity":{"asset_id":"hat_gen_a65fd9cd","slot":"hat","display_name":"a tall wizard hat with silver star patterns","version":"1.0","status":"draft","created_by":"generation-pipeline:a65fd9cd-e9f5-47c3-8628-0a1de983755f","created_at":"2026-05-08","approved_by":null,"approved_at":null},"classification":{"rarity":"standard","school_safe":false,"moderation_required":true,"whitelist_approved":false},"visual":{"primary_color":null,"secondary_color":null,"accent_color":null,"silhouette_type":"hat","thumbnail_priority":5},"technical":{"polycount_max":10000,"polycount_actual":1,"texture_resolution":"256x256","texture_format":"png","texture_embedded":false,"export_format":"glb","file_size_kb_max":1024,"file_size_kb_actual":1,"attachment_type":"parented","attachment_bone":"attach_head","rig_required":false},"validation":{"copyright_review_passed":false,"school_safe_review_passed":false,"thumbnail_readability_passed":false,"clipping_test_passed":false,"browser_validation_passed":false,"qa_approved":false},"forbidden_reference_check":{"fortnite":false,"roblox":false,"minecraft":false,"nike":false,"adidas":false,"jordan":false,"marvel":false,"disney":false,"star_wars":false,"political_symbols":false,"nazi_symbols":false},"deployment":{"production_enabled":false,"release_group":"v1","rollout_stage":"none"},"audit":{"last_modified_by":"generation-pipeline:a65fd9cd-e9f5-47c3-8628-0a1de983755f","last_modified_at":"2026-05-08","review_notes":null}}
[PIPELINE] stage 7 — onboardingSubmit returned a65fd9cd-e9f5-47c3-8628-0a1de983755f
[PIPELINE] stage 7 — onboardingResult raw: {"success":true,"action":"submit","asset_id":"hat_gen_a65fd9cd","message":"Asset onboarded successfully — 1 warning(s) recorded","asset":{"asset_id":"hat_gen_a65fd9cd","slot":"hat","display_name":"a tall wizard hat with silver star patterns","current_status":"draft","production_enabled":false,"storage_path":"a65fd9cd-e9f5-47c3-8628-0a1de983755f/generated.glb","metadata":{"audit":{"review_notes":null,"last_modified_at":"2026-05-08","last_modified_by":"generation-pipeline:a65fd9cd-e9f5-47c3-8628-0a1de983755f"},"visual":{"accent_color":null,"primary_color":null,"secondary_color":null,"silhouette_type":"hat","thumbnail_priority":5},"identity":{"slot":"hat","status":"draft","version":"1.0","asset_id":"hat_gen_a65fd9cd","created_at":"2026-05-08","created_by":"generation-pipeline:a65fd9cd-e9f5-47c3-8628-0a1de983755f","approved_at":null,"approved_by":null,"display_name":"a tall wizard hat with silver star patterns"},"technical":{"rig_required":false,"export_format":"glb","polycount_max":10000,"texture_format":"png","attachment_bone":"attach_head","attachment_type":"parented","file_size_kb_max":1024,"polycount_actual":1,"texture_embedded":false,"texture_resolution":"256x256","file_size_kb_actual":1},"deployment":{"release_group":"v1","rollout_stage":"none","production_enabled":false},"validation":{"qa_approved":false,"clipping_test_passed":false,"copyright_review_passed":false,"browser_validation_passed":false,"school_safe_review_passed":false,"thumbnail_readability_passed":false},"classification":{"rarity":"standard","school_safe":false,"whitelist_approved":false,"moderation_required":true},"schema_version":"1.0","forbidden_reference_check":{"nike":false,"adidas":false,"disney":false,"jordan":false,"marvel":false,"roblox":false,"fortnite":false,"minecraft":false,"star_wars":false,"nazi_symbols":false,"political_symbols":false}},"created_by":"generation-pipeline:a65fd9cd-e9f5-47c3-8628-0a1de983755f","created_at":"2026-05-08T14:57:54.232+00:00","last_modified_by":"generation-pipeline:a65fd9cd-e9f5-47c3-8628-0a1de983755f","last_modified_at":"2026-05-08T14:57:54.232+00:00"},"validation_run":{"id":"a49cb0c1-891f-47b3-8f72-d58125e143cd","asset_id":"hat_gen_a65fd9cd","run_at":"2026-05-08T14:57:54.329141+00:00","triggered_by":"generation-pipeline:a65fd9cd-e9f5-47c3-8628-0a1de983755f","payload":{"audit":{"review_notes":null,"last_modified_at":"2026-05-08","last_modified_by":"generation-pipeline:a65fd9cd-e9f5-47c3-8628-0a1de983755f"},"visual":{"accent_color":null,"primary_color":null,"secondary_color":null,"silhouette_type":"hat","thumbnail_priority":5},"identity":{"slot":"hat","status":"draft","version":"1.0","asset_id":"hat_gen_a65fd9cd","created_at":"2026-05-08","created_by":"generation-pipeline:a65fd9cd-e9f5-47c3-8628-0a1de983755f","approved_at":null,"approved_by":null,"display_name":"a tall wizard hat with silver star patterns"},"technical":{"rig_required":false,"export_format":"glb","polycount_max":10000,"texture_format":"png","attachment_bone":"attach_head","attachment_type":"parented","file_size_kb_max":1024,"polycount_actual":1,"texture_embedded":false,"texture_resolution":"256x256","file_size_kb_actual":1},"deployment":{"release_group":"v1","rollout_stage":"none","production_enabled":false},"validation":{"qa_approved":false,"clipping_test_passed":false,"copyright_review_passed":false,"browser_validation_passed":false,"school_safe_review_passed":false,"thumbnail_readability_passed":false},"classification":{"rarity":"standard","school_safe":false,"whitelist_approved":false,"moderation_required":true},"schema_version":"1.0","forbidden_reference_check":{"nike":false,"adidas":false,"disney":false,"jordan":false,"marvel":false,"roblox":false,"fortnite":false,"minecraft":false,"star_wars":false,"nazi_symbols":false,"political_symbols":false}},"response":{"valid":true,"errors":[],"asset_id":"hat_gen_a65fd9cd","warnings":[{"field":"technical.polycount_actual","actual":"1","message":"polycount_actual is at or below 50% of polycount_max — asset may be under-detailed for its declared budget","rule_id":"RULE-NUM-005","expected":"> 5000 (50% of polycount_max 10000)","severity":"WARNING"}],"manual_review_flags":[]},"valid":true,"error_count":0,"warning_count":1,"manual_review_count":0},"validation_errors":[],"validation_warnings":[{"rule_id":"RULE-NUM-005","severity":"WARNING","field":"technical.polycount_actual","message":"polycount_actual is at or below 50% of polycount_max — asset may be under-detailed for its declared budget","expected":"> 5000 (50% of polycount_max 10000)","actual":"1"}],"validation_manual_review_flags":[],"review_items_created":0,"open_review_items":[]} a65fd9cd-e9f5-47c3-8628-0a1de983755f
[PIPELINE] stage 7 — checking onboardingResult.success a65fd9cd-e9f5-47c3-8628-0a1de983755f
[PIPELINE] stage 7 — success branch entered, success: true a65fd9cd-e9f5-47c3-8628-0a1de983755f
[PIPELINE] stage 7 — assigning onboardingValidationRunId a65fd9cd-e9f5-47c3-8628-0a1de983755f
[PIPELINE] stage 7 — onboardingValidationRunId assigned: a49cb0c1-891f-47b3-8f72-d58125e143cd a65fd9cd-e9f5-47c3-8628-0a1de983755f
[PIPELINE] stage 7 — calling logEvent passed a65fd9cd-e9f5-47c3-8628-0a1de983755f
[PIPELINE] stage 7 done — callOnboardingSubmit accepted, validationRunId: a49cb0c1-891f-47b3-8f72-d58125e143cd a65fd9cd-e9f5-47c3-8628-0a1de983755f
[PIPELINE] stage 8 start — uploadFileBytes GLB production a65fd9cd-e9f5-47c3-8628-0a1de983755f hat_gen_a65fd9cd.glb
[PIPELINE] stage 8 done — uploadFileBytes GLB production a65fd9cd-e9f5-47c3-8628-0a1de983755f
[PIPELINE] stage 8 start — uploadFileBytes thumbnail production a65fd9cd-e9f5-47c3-8628-0a1de983755f hat_gen_a65fd9cd.png
[PIPELINE] stage 8 done — uploadFileBytes thumbnail production a65fd9cd-e9f5-47c3-8628-0a1de983755f
[PIPELINE] stage 8 start — completeGenerationJob a65fd9cd-e9f5-47c3-8628-0a1de983755f hat_gen_a65fd9cd validationRunId: a49cb0c1-891f-47b3-8f72-d58125e143cd
[DB] completion affected rows: 1
[PIPELINE] stage 8 done — completeGenerationJob a65fd9cd-e9f5-47c3-8628-0a1de983755f
[worker] pending job found: 6c8f7275-c188-4849-9263-4784700dfeb0
[worker] claimGenerationJob result: claimed
[worker] calling runGenerationPipeline 6c8f7275-c188-4849-9263-4784700dfeb0
[PIPELINE] start 6c8f7275-c188-4849-9263-4784700dfeb0
[PIPELINE] stage 1 done — job claimed by worker 6c8f7275-c188-4849-9263-4784700dfeb0
[PIPELINE] calling runStages 6c8f7275-c188-4849-9263-4784700dfeb0
[PIPELINE] runStages start 6c8f7275-c188-4849-9263-4784700dfeb0 targetAssetId: hat_gen_6c8f7275
[PIPELINE] stage 2 start — calling avatar_assets ownership query 6c8f7275-c188-4849-9263-4784700dfeb0
[PIPELINE] stage 2 done 6c8f7275-c188-4849-9263-4784700dfeb0
[PIPELINE] stage 3 — generating GLB + PNG bytes 6c8f7275-c188-4849-9263-4784700dfeb0
[PIPELINE] stage 3 — bytes generated, GLB: 48 thumb: 67
[PIPELINE] stage 3 — calling uploadFileBytes GLB staging 6c8f7275-c188-4849-9263-4784700dfeb0 6c8f7275-c188-4849-9263-4784700dfeb0/generated.glb
[PIPELINE] stage 3 — calling uploadFileBytes thumbnail staging 6c8f7275-c188-4849-9263-4784700dfeb0 6c8f7275-c188-4849-9263-4784700dfeb0/thumbnail.png
[PIPELINE] stage 3 — calling setGeneratedFiles 6c8f7275-c188-4849-9263-4784700dfeb0
[DB] setGeneratedFiles calling RPC 6c8f7275-c188-4849-9263-4784700dfeb0 { previousVersion: 0, claimedAt: "2026-05-08T14:57:55.192901+00:00" }
[PIPELINE] stage 3 done 6c8f7275-c188-4849-9263-4784700dfeb0
[PIPELINE] stage 4 start — calling checkCopyright 6c8f7275-c188-4849-9263-4784700dfeb0
[PIPELINE] stage 4 — calling setCopyrightReview, verdict: clear 6c8f7275-c188-4849-9263-4784700dfeb0
[DB] query created 6c8f7275-c188-4849-9263-4784700dfeb0
[DB] query resolved 6c8f7275-c188-4849-9263-4784700dfeb0
[DB] parsed result 6c8f7275-c188-4849-9263-4784700dfeb0 HAS DATA NO ERROR
[PIPELINE] stage 4 — setCopyrightReview returned, updatedJob: set 6c8f7275-c188-4849-9263-4784700dfeb0
[PIPELINE] stage 4 done — setCopyrightReview CAS passed, result: clear 6c8f7275-c188-4849-9263-4784700dfeb0
[PIPELINE] stage 5 done — copyright gate passed, proceeding to stages 6-8 6c8f7275-c188-4849-9263-4784700dfeb0
[PIPELINE] stage 5 — SKIP_ONBOARDING: false 6c8f7275-c188-4849-9263-4784700dfeb0
[PIPELINE] stage 6 start — production re-check 6c8f7275-c188-4849-9263-4784700dfeb0
[PIPELINE] stage 6 start — supabase.from(avatar_assets).select(production_enabled) 6c8f7275-c188-4849-9263-4784700dfeb0 hat_gen_6c8f7275
[PIPELINE] stage 6 — production recheck returned, recheckError: none recheckAsset: null 6c8f7275-c188-4849-9263-4784700dfeb0
[PIPELINE] stage 6 done — production recheck passed 6c8f7275-c188-4849-9263-4784700dfeb0
[PIPELINE] stage 7 start — buildOnboardingMetadata 6c8f7275-c188-4849-9263-4784700dfeb0
[PIPELINE] stage 7 — buildOnboardingMetadata done, glbStagingStoragePath: 6c8f7275-c188-4849-9263-4784700dfeb0/generated.glb 6c8f7275-c188-4849-9263-4784700dfeb0
[PIPELINE] stage 7 — calling onboardingSubmit 6c8f7275-c188-4849-9263-4784700dfeb0 triggeredBy: generation-pipeline:6c8f7275-c188-4849-9263-4784700dfeb0 glbStagingStoragePath: 6c8f7275-c188-4849-9263-4784700dfeb0/generated.glb onboardingMetadata: {"schema_version":"1.0","identity":{"asset_id":"hat_gen_6c8f7275","slot":"hat","display_name":"a pirate tricorn hat with a golden buckle","version":"1.0","status":"draft","created_by":"generation-pipeline:6c8f7275-c188-4849-9263-4784700dfeb0","created_at":"2026-05-08","approved_by":null,"approved_at":null},"classification":{"rarity":"standard","school_safe":false,"moderation_required":true,"whitelist_approved":false},"visual":{"primary_color":null,"secondary_color":null,"accent_color":null,"silhouette_type":"hat","thumbnail_priority":5},"technical":{"polycount_max":10000,"polycount_actual":1,"texture_resolution":"256x256","texture_format":"png","texture_embedded":false,"export_format":"glb","file_size_kb_max":1024,"file_size_kb_actual":1,"attachment_type":"parented","attachment_bone":"attach_head","rig_required":false},"validation":{"copyright_review_passed":false,"school_safe_review_passed":false,"thumbnail_readability_passed":false,"clipping_test_passed":false,"browser_validation_passed":false,"qa_approved":false},"forbidden_reference_check":{"fortnite":false,"roblox":false,"minecraft":false,"nike":false,"adidas":false,"jordan":false,"marvel":false,"disney":false,"star_wars":false,"political_symbols":false,"nazi_symbols":false},"deployment":{"production_enabled":false,"release_group":"v1","rollout_stage":"none"},"audit":{"last_modified_by":"generation-pipeline:6c8f7275-c188-4849-9263-4784700dfeb0","last_modified_at":"2026-05-08","review_notes":null}}
[PIPELINE] stage 7 — onboardingSubmit returned 6c8f7275-c188-4849-9263-4784700dfeb0
[PIPELINE] stage 7 — onboardingResult raw: {"success":true,"action":"submit","asset_id":"hat_gen_6c8f7275","message":"Asset onboarded successfully — 1 warning(s) recorded","asset":{"asset_id":"hat_gen_6c8f7275","slot":"hat","display_name":"a pirate tricorn hat with a golden buckle","current_status":"draft","production_enabled":false,"storage_path":"6c8f7275-c188-4849-9263-4784700dfeb0/generated.glb","metadata":{"audit":{"review_notes":null,"last_modified_at":"2026-05-08","last_modified_by":"generation-pipeline:6c8f7275-c188-4849-9263-4784700dfeb0"},"visual":{"accent_color":null,"primary_color":null,"secondary_color":null,"silhouette_type":"hat","thumbnail_priority":5},"identity":{"slot":"hat","status":"draft","version":"1.0","asset_id":"hat_gen_6c8f7275","created_at":"2026-05-08","created_by":"generation-pipeline:6c8f7275-c188-4849-9263-4784700dfeb0","approved_at":null,"approved_by":null,"display_name":"a pirate tricorn hat with a golden buckle"},"technical":{"rig_required":false,"export_format":"glb","polycount_max":10000,"texture_format":"png","attachment_bone":"attach_head","attachment_type":"parented","file_size_kb_max":1024,"polycount_actual":1,"texture_embedded":false,"texture_resolution":"256x256","file_size_kb_actual":1},"deployment":{"release_group":"v1","rollout_stage":"none","production_enabled":false},"validation":{"qa_approved":false,"clipping_test_passed":false,"copyright_review_passed":false,"browser_validation_passed":false,"school_safe_review_passed":false,"thumbnail_readability_passed":false},"classification":{"rarity":"standard","school_safe":false,"whitelist_approved":false,"moderation_required":true},"schema_version":"1.0","forbidden_reference_check":{"nike":false,"adidas":false,"disney":false,"jordan":false,"marvel":false,"roblox":false,"fortnite":false,"minecraft":false,"star_wars":false,"nazi_symbols":false,"political_symbols":false}},"created_by":"generation-pipeline:6c8f7275-c188-4849-9263-4784700dfeb0","created_at":"2026-05-08T14:57:57.176+00:00","last_modified_by":"generation-pipeline:6c8f7275-c188-4849-9263-4784700dfeb0","last_modified_at":"2026-05-08T14:57:57.176+00:00"},"validation_run":{"id":"a25af4c1-d98c-4c00-a98c-4fb8a1ded811","asset_id":"hat_gen_6c8f7275","run_at":"2026-05-08T14:57:57.359991+00:00","triggered_by":"generation-pipeline:6c8f7275-c188-4849-9263-4784700dfeb0","payload":{"audit":{"review_notes":null,"last_modified_at":"2026-05-08","last_modified_by":"generation-pipeline:6c8f7275-c188-4849-9263-4784700dfeb0"},"visual":{"accent_color":null,"primary_color":null,"secondary_color":null,"silhouette_type":"hat","thumbnail_priority":5},"identity":{"slot":"hat","status":"draft","version":"1.0","asset_id":"hat_gen_6c8f7275","created_at":"2026-05-08","created_by":"generation-pipeline:6c8f7275-c188-4849-9263-4784700dfeb0","approved_at":null,"approved_by":null,"display_name":"a pirate tricorn hat with a golden buckle"},"technical":{"rig_required":false,"export_format":"glb","polycount_max":10000,"texture_format":"png","attachment_bone":"attach_head","attachment_type":"parented","file_size_kb_max":1024,"polycount_actual":1,"texture_embedded":false,"texture_resolution":"256x256","file_size_kb_actual":1},"deployment":{"release_group":"v1","rollout_stage":"none","production_enabled":false},"validation":{"qa_approved":false,"clipping_test_passed":false,"copyright_review_passed":false,"browser_validation_passed":false,"school_safe_review_passed":false,"thumbnail_readability_passed":false},"classification":{"rarity":"standard","school_safe":false,"whitelist_approved":false,"moderation_required":true},"schema_version":"1.0","forbidden_reference_check":{"nike":false,"adidas":false,"disney":false,"jordan":false,"marvel":false,"roblox":false,"fortnite":false,"minecraft":false,"star_wars":false,"nazi_symbols":false,"political_symbols":false}},"response":{"valid":true,"errors":[],"asset_id":"hat_gen_6c8f7275","warnings":[{"field":"technical.polycount_actual","actual":"1","message":"polycount_actual is at or below 50% of polycount_max — asset may be under-detailed for its declared budget","rule_id":"RULE-NUM-005","expected":"> 5000 (50% of polycount_max 10000)","severity":"WARNING"}],"manual_review_flags":[]},"valid":true,"error_count":0,"warning_count":1,"manual_review_count":0},"validation_errors":[],"validation_warnings":[{"rule_id":"RULE-NUM-005","severity":"WARNING","field":"technical.polycount_actual","message":"polycount_actual is at or below 50% of polycount_max — asset may be under-detailed for its declared budget","expected":"> 5000 (50% of polycount_max 10000)","actual":"1"}],"validation_manual_review_flags":[],"review_items_created":0,"open_review_items":[]} 6c8f7275-c188-4849-9263-4784700dfeb0
[PIPELINE] stage 7 — checking onboardingResult.success 6c8f7275-c188-4849-9263-4784700dfeb0
[PIPELINE] stage 7 — success branch entered, success: true 6c8f7275-c188-4849-9263-4784700dfeb0
[PIPELINE] stage 7 — assigning onboardingValidationRunId 6c8f7275-c188-4849-9263-4784700dfeb0
[PIPELINE] stage 7 — onboardingValidationRunId assigned: a25af4c1-d98c-4c00-a98c-4fb8a1ded811 6c8f7275-c188-4849-9263-4784700dfeb0
[PIPELINE] stage 7 — calling logEvent passed 6c8f7275-c188-4849-9263-4784700dfeb0
[PIPELINE] stage 7 done — callOnboardingSubmit accepted, validationRunId: a25af4c1-d98c-4c00-a98c-4fb8a1ded811 6c8f7275-c188-4849-9263-4784700dfeb0
[PIPELINE] stage 8 start — uploadFileBytes GLB production 6c8f7275-c188-4849-9263-4784700dfeb0 hat_gen_6c8f7275.glb
[PIPELINE] stage 8 done — uploadFileBytes GLB production 6c8f7275-c188-4849-9263-4784700dfeb0
[PIPELINE] stage 8 start — uploadFileBytes thumbnail production 6c8f7275-c188-4849-9263-4784700dfeb0 hat_gen_6c8f7275.png
[PIPELINE] stage 8 done — uploadFileBytes thumbnail production 6c8f7275-c188-4849-9263-4784700dfeb0
[PIPELINE] stage 8 start — completeGenerationJob 6c8f7275-c188-4849-9263-4784700dfeb0 hat_gen_6c8f7275 validationRunId: a25af4c1-d98c-4c00-a98c-4fb8a1ded811
[DB] completion affected rows: 1
[PIPELINE] stage 8 done — completeGenerationJob 6c8f7275-c188-4849-9263-4784700dfeb0
[worker] pending job found: 167aaf1c-8952-4a4d-bef4-a16b66345c40
[worker] claimGenerationJob result: claimed
[worker] calling runGenerationPipeline 167aaf1c-8952-4a4d-bef4-a16b66345c40
[PIPELINE] start 167aaf1c-8952-4a4d-bef4-a16b66345c40
[PIPELINE] stage 1 done — job claimed by worker 167aaf1c-8952-4a4d-bef4-a16b66345c40
[PIPELINE] calling runStages 167aaf1c-8952-4a4d-bef4-a16b66345c40
[PIPELINE] runStages start 167aaf1c-8952-4a4d-bef4-a16b66345c40 targetAssetId: hat_gen_167aaf1c
[PIPELINE] stage 2 start — calling avatar_assets ownership query 167aaf1c-8952-4a4d-bef4-a16b66345c40
[PIPELINE] stage 2 done 167aaf1c-8952-4a4d-bef4-a16b66345c40
[PIPELINE] stage 3 — generating GLB + PNG bytes 167aaf1c-8952-4a4d-bef4-a16b66345c40
[PIPELINE] stage 3 — bytes generated, GLB: 48 thumb: 67
[PIPELINE] stage 3 — calling uploadFileBytes GLB staging 167aaf1c-8952-4a4d-bef4-a16b66345c40 167aaf1c-8952-4a4d-bef4-a16b66345c40/generated.glb
[PIPELINE] stage 3 — calling uploadFileBytes thumbnail staging 167aaf1c-8952-4a4d-bef4-a16b66345c40 167aaf1c-8952-4a4d-bef4-a16b66345c40/thumbnail.png
[PIPELINE] stage 3 — calling setGeneratedFiles 167aaf1c-8952-4a4d-bef4-a16b66345c40
[DB] setGeneratedFiles calling RPC 167aaf1c-8952-4a4d-bef4-a16b66345c40 { previousVersion: 0, claimedAt: "2026-05-08T14:57:58.308386+00:00" }
[PIPELINE] stage 3 done 167aaf1c-8952-4a4d-bef4-a16b66345c40
[PIPELINE] stage 4 start — calling checkCopyright 167aaf1c-8952-4a4d-bef4-a16b66345c40
[PIPELINE] stage 4 — calling setCopyrightReview, verdict: clear 167aaf1c-8952-4a4d-bef4-a16b66345c40
[DB] query created 167aaf1c-8952-4a4d-bef4-a16b66345c40
[DB] query resolved 167aaf1c-8952-4a4d-bef4-a16b66345c40
[DB] parsed result 167aaf1c-8952-4a4d-bef4-a16b66345c40 HAS DATA NO ERROR
[PIPELINE] stage 4 — setCopyrightReview returned, updatedJob: set 167aaf1c-8952-4a4d-bef4-a16b66345c40
[PIPELINE] stage 4 done — setCopyrightReview CAS passed, result: clear 167aaf1c-8952-4a4d-bef4-a16b66345c40
[PIPELINE] stage 5 done — copyright gate passed, proceeding to stages 6-8 167aaf1c-8952-4a4d-bef4-a16b66345c40
[PIPELINE] stage 5 — SKIP_ONBOARDING: false 167aaf1c-8952-4a4d-bef4-a16b66345c40
[PIPELINE] stage 6 start — production re-check 167aaf1c-8952-4a4d-bef4-a16b66345c40
[PIPELINE] stage 6 start — supabase.from(avatar_assets).select(production_enabled) 167aaf1c-8952-4a4d-bef4-a16b66345c40 hat_gen_167aaf1c
[PIPELINE] stage 6 — production recheck returned, recheckError: none recheckAsset: null 167aaf1c-8952-4a4d-bef4-a16b66345c40
[PIPELINE] stage 6 done — production recheck passed 167aaf1c-8952-4a4d-bef4-a16b66345c40
[PIPELINE] stage 7 start — buildOnboardingMetadata 167aaf1c-8952-4a4d-bef4-a16b66345c40
[PIPELINE] stage 7 — buildOnboardingMetadata done, glbStagingStoragePath: 167aaf1c-8952-4a4d-bef4-a16b66345c40/generated.glb 167aaf1c-8952-4a4d-bef4-a16b66345c40
[PIPELINE] stage 7 — calling onboardingSubmit 167aaf1c-8952-4a4d-bef4-a16b66345c40 triggeredBy: generation-pipeline:167aaf1c-8952-4a4d-bef4-a16b66345c40 glbStagingStoragePath: 167aaf1c-8952-4a4d-bef4-a16b66345c40/generated.glb onboardingMetadata: {"schema_version":"1.0","identity":{"asset_id":"hat_gen_167aaf1c","slot":"hat","display_name":"a jester hat with bells on the tips","version":"1.0","status":"draft","created_by":"generation-pipeline:167aaf1c-8952-4a4d-bef4-a16b66345c40","created_at":"2026-05-08","approved_by":null,"approved_at":null},"classification":{"rarity":"standard","school_safe":false,"moderation_required":true,"whitelist_approved":false},"visual":{"primary_color":null,"secondary_color":null,"accent_color":null,"silhouette_type":"hat","thumbnail_priority":5},"technical":{"polycount_max":10000,"polycount_actual":1,"texture_resolution":"256x256","texture_format":"png","texture_embedded":false,"export_format":"glb","file_size_kb_max":1024,"file_size_kb_actual":1,"attachment_type":"parented","attachment_bone":"attach_head","rig_required":false},"validation":{"copyright_review_passed":false,"school_safe_review_passed":false,"thumbnail_readability_passed":false,"clipping_test_passed":false,"browser_validation_passed":false,"qa_approved":false},"forbidden_reference_check":{"fortnite":false,"roblox":false,"minecraft":false,"nike":false,"adidas":false,"jordan":false,"marvel":false,"disney":false,"star_wars":false,"political_symbols":false,"nazi_symbols":false},"deployment":{"production_enabled":false,"release_group":"v1","rollout_stage":"none"},"audit":{"last_modified_by":"generation-pipeline:167aaf1c-8952-4a4d-bef4-a16b66345c40","last_modified_at":"2026-05-08","review_notes":null}}
[PIPELINE] stage 7 — onboardingSubmit returned 167aaf1c-8952-4a4d-bef4-a16b66345c40
[PIPELINE] stage 7 — onboardingResult raw: {"success":true,"action":"submit","asset_id":"hat_gen_167aaf1c","message":"Asset onboarded successfully — 1 warning(s) recorded","asset":{"asset_id":"hat_gen_167aaf1c","slot":"hat","display_name":"a jester hat with bells on the tips","current_status":"draft","production_enabled":false,"storage_path":"167aaf1c-8952-4a4d-bef4-a16b66345c40/generated.glb","metadata":{"audit":{"review_notes":null,"last_modified_at":"2026-05-08","last_modified_by":"generation-pipeline:167aaf1c-8952-4a4d-bef4-a16b66345c40"},"visual":{"accent_color":null,"primary_color":null,"secondary_color":null,"silhouette_type":"hat","thumbnail_priority":5},"identity":{"slot":"hat","status":"draft","version":"1.0","asset_id":"hat_gen_167aaf1c","created_at":"2026-05-08","created_by":"generation-pipeline:167aaf1c-8952-4a4d-bef4-a16b66345c40","approved_at":null,"approved_by":null,"display_name":"a jester hat with bells on the tips"},"technical":{"rig_required":false,"export_format":"glb","polycount_max":10000,"texture_format":"png","attachment_bone":"attach_head","attachment_type":"parented","file_size_kb_max":1024,"polycount_actual":1,"texture_embedded":false,"texture_resolution":"256x256","file_size_kb_actual":1},"deployment":{"release_group":"v1","rollout_stage":"none","production_enabled":false},"validation":{"qa_approved":false,"clipping_test_passed":false,"copyright_review_passed":false,"browser_validation_passed":false,"school_safe_review_passed":false,"thumbnail_readability_passed":false},"classification":{"rarity":"standard","school_safe":false,"whitelist_approved":false,"moderation_required":true},"schema_version":"1.0","forbidden_reference_check":{"nike":false,"adidas":false,"disney":false,"jordan":false,"marvel":false,"roblox":false,"fortnite":false,"minecraft":false,"star_wars":false,"nazi_symbols":false,"political_symbols":false}},"created_by":"generation-pipeline:167aaf1c-8952-4a4d-bef4-a16b66345c40","created_at":"2026-05-08T14:58:00.05+00:00","last_modified_by":"generation-pipeline:167aaf1c-8952-4a4d-bef4-a16b66345c40","last_modified_at":"2026-05-08T14:58:00.05+00:00"},"validation_run":{"id":"5cfb7fc5-d210-42e8-ab1c-7d85bcf33aaf","asset_id":"hat_gen_167aaf1c","run_at":"2026-05-08T14:58:00.25624+00:00","triggered_by":"generation-pipeline:167aaf1c-8952-4a4d-bef4-a16b66345c40","payload":{"audit":{"review_notes":null,"last_modified_at":"2026-05-08","last_modified_by":"generation-pipeline:167aaf1c-8952-4a4d-bef4-a16b66345c40"},"visual":{"accent_color":null,"primary_color":null,"secondary_color":null,"silhouette_type":"hat","thumbnail_priority":5},"identity":{"slot":"hat","status":"draft","version":"1.0","asset_id":"hat_gen_167aaf1c","created_at":"2026-05-08","created_by":"generation-pipeline:167aaf1c-8952-4a4d-bef4-a16b66345c40","approved_at":null,"approved_by":null,"display_name":"a jester hat with bells on the tips"},"technical":{"rig_required":false,"export_format":"glb","polycount_max":10000,"texture_format":"png","attachment_bone":"attach_head","attachment_type":"parented","file_size_kb_max":1024,"polycount_actual":1,"texture_embedded":false,"texture_resolution":"256x256","file_size_kb_actual":1},"deployment":{"release_group":"v1","rollout_stage":"none","production_enabled":false},"validation":{"qa_approved":false,"clipping_test_passed":false,"copyright_review_passed":false,"browser_validation_passed":false,"school_safe_review_passed":false,"thumbnail_readability_passed":false},"classification":{"rarity":"standard","school_safe":false,"whitelist_approved":false,"moderation_required":true},"schema_version":"1.0","forbidden_reference_check":{"nike":false,"adidas":false,"disney":false,"jordan":false,"marvel":false,"roblox":false,"fortnite":false,"minecraft":false,"star_wars":false,"nazi_symbols":false,"political_symbols":false}},"response":{"valid":true,"errors":[],"asset_id":"hat_gen_167aaf1c","warnings":[{"field":"technical.polycount_actual","actual":"1","message":"polycount_actual is at or below 50% of polycount_max — asset may be under-detailed for its declared budget","rule_id":"RULE-NUM-005","expected":"> 5000 (50% of polycount_max 10000)","severity":"WARNING"}],"manual_review_flags":[]},"valid":true,"error_count":0,"warning_count":1,"manual_review_count":0},"validation_errors":[],"validation_warnings":[{"rule_id":"RULE-NUM-005","severity":"WARNING","field":"technical.polycount_actual","message":"polycount_actual is at or below 50% of polycount_max — asset may be under-detailed for its declared budget","expected":"> 5000 (50% of polycount_max 10000)","actual":"1"}],"validation_manual_review_flags":[],"review_items_created":0,"open_review_items":[]} 167aaf1c-8952-4a4d-bef4-a16b66345c40
[PIPELINE] stage 7 — checking onboardingResult.success 167aaf1c-8952-4a4d-bef4-a16b66345c40
[PIPELINE] stage 7 — success branch entered, success: true 167aaf1c-8952-4a4d-bef4-a16b66345c40
[PIPELINE] stage 7 — assigning onboardingValidationRunId 167aaf1c-8952-4a4d-bef4-a16b66345c40
[PIPELINE] stage 7 — onboardingValidationRunId assigned: 5cfb7fc5-d210-42e8-ab1c-7d85bcf33aaf 167aaf1c-8952-4a4d-bef4-a16b66345c40
[PIPELINE] stage 7 — calling logEvent passed 167aaf1c-8952-4a4d-bef4-a16b66345c40
[PIPELINE] stage 7 done — callOnboardingSubmit accepted, validationRunId: 5cfb7fc5-d210-42e8-ab1c-7d85bcf33aaf 167aaf1c-8952-4a4d-bef4-a16b66345c40
[PIPELINE] stage 8 start — uploadFileBytes GLB production 167aaf1c-8952-4a4d-bef4-a16b66345c40 hat_gen_167aaf1c.glb
[PIPELINE] stage 8 done — uploadFileBytes GLB production 167aaf1c-8952-4a4d-bef4-a16b66345c40
[PIPELINE] stage 8 start — uploadFileBytes thumbnail production 167aaf1c-8952-4a4d-bef4-a16b66345c40 hat_gen_167aaf1c.png
[PIPELINE] stage 8 done — uploadFileBytes thumbnail production 167aaf1c-8952-4a4d-bef4-a16b66345c40
[PIPELINE] stage 8 start — completeGenerationJob 167aaf1c-8952-4a4d-bef4-a16b66345c40 hat_gen_167aaf1c validationRunId: 5cfb7fc5-d210-42e8-ab1c-7d85bcf33aaf
[DB] completion affected rows: 1
[PIPELINE] stage 8 done — completeGenerationJob 167aaf1c-8952-4a4d-bef4-a16b66345c40
[worker] pending job found: fb996ed7-0a62-48d5-b2e2-33268bd6854f
[worker] claimGenerationJob result: claimed
[worker] calling runGenerationPipeline fb996ed7-0a62-48d5-b2e2-33268bd6854f
[PIPELINE] start fb996ed7-0a62-48d5-b2e2-33268bd6854f
[PIPELINE] stage 1 done — job claimed by worker fb996ed7-0a62-48d5-b2e2-33268bd6854f
[PIPELINE] calling runStages fb996ed7-0a62-48d5-b2e2-33268bd6854f
[PIPELINE] runStages start fb996ed7-0a62-48d5-b2e2-33268bd6854f targetAssetId: hat_gen_fb996ed7
[PIPELINE] stage 2 start — calling avatar_assets ownership query fb996ed7-0a62-48d5-b2e2-33268bd6854f
[PIPELINE] stage 2 done fb996ed7-0a62-48d5-b2e2-33268bd6854f
[PIPELINE] stage 3 — generating GLB + PNG bytes fb996ed7-0a62-48d5-b2e2-33268bd6854f
[PIPELINE] stage 3 — bytes generated, GLB: 48 thumb: 67
[PIPELINE] stage 3 — calling uploadFileBytes GLB staging fb996ed7-0a62-48d5-b2e2-33268bd6854f fb996ed7-0a62-48d5-b2e2-33268bd6854f/generated.glb
[PIPELINE] stage 3 — calling uploadFileBytes thumbnail staging fb996ed7-0a62-48d5-b2e2-33268bd6854f fb996ed7-0a62-48d5-b2e2-33268bd6854f/thumbnail.png
[PIPELINE] stage 3 — calling setGeneratedFiles fb996ed7-0a62-48d5-b2e2-33268bd6854f
[DB] setGeneratedFiles calling RPC fb996ed7-0a62-48d5-b2e2-33268bd6854f { previousVersion: 0, claimedAt: "2026-05-08T14:58:01.488005+00:00" }
[PIPELINE] stage 3 done fb996ed7-0a62-48d5-b2e2-33268bd6854f
[PIPELINE] stage 4 start — calling checkCopyright fb996ed7-0a62-48d5-b2e2-33268bd6854f
[PIPELINE] stage 4 — calling setCopyrightReview, verdict: clear fb996ed7-0a62-48d5-b2e2-33268bd6854f
[DB] query created fb996ed7-0a62-48d5-b2e2-33268bd6854f
[DB] query resolved fb996ed7-0a62-48d5-b2e2-33268bd6854f
[DB] parsed result fb996ed7-0a62-48d5-b2e2-33268bd6854f HAS DATA NO ERROR
[PIPELINE] stage 4 — setCopyrightReview returned, updatedJob: set fb996ed7-0a62-48d5-b2e2-33268bd6854f
[PIPELINE] stage 4 done — setCopyrightReview CAS passed, result: clear fb996ed7-0a62-48d5-b2e2-33268bd6854f
[PIPELINE] stage 5 done — copyright gate passed, proceeding to stages 6-8 fb996ed7-0a62-48d5-b2e2-33268bd6854f
[PIPELINE] stage 5 — SKIP_ONBOARDING: false fb996ed7-0a62-48d5-b2e2-33268bd6854f
[PIPELINE] stage 6 start — production re-check fb996ed7-0a62-48d5-b2e2-33268bd6854f
[PIPELINE] stage 6 start — supabase.from(avatar_assets).select(production_enabled) fb996ed7-0a62-48d5-b2e2-33268bd6854f hat_gen_fb996ed7
[PIPELINE] stage 6 — production recheck returned, recheckError: none recheckAsset: null fb996ed7-0a62-48d5-b2e2-33268bd6854f
[PIPELINE] stage 6 done — production recheck passed fb996ed7-0a62-48d5-b2e2-33268bd6854f
[PIPELINE] stage 7 start — buildOnboardingMetadata fb996ed7-0a62-48d5-b2e2-33268bd6854f
[PIPELINE] stage 7 — buildOnboardingMetadata done, glbStagingStoragePath: fb996ed7-0a62-48d5-b2e2-33268bd6854f/generated.glb fb996ed7-0a62-48d5-b2e2-33268bd6854f
[PIPELINE] stage 7 — calling onboardingSubmit fb996ed7-0a62-48d5-b2e2-33268bd6854f triggeredBy: generation-pipeline:fb996ed7-0a62-48d5-b2e2-33268bd6854f glbStagingStoragePath: fb996ed7-0a62-48d5-b2e2-33268bd6854f/generated.glb onboardingMetadata: {"schema_version":"1.0","identity":{"asset_id":"hat_gen_fb996ed7","slot":"hat","display_name":"a paper crown with jagged golden edges","version":"1.0","status":"draft","created_by":"generation-pipeline:fb996ed7-0a62-48d5-b2e2-33268bd6854f","created_at":"2026-05-08","approved_by":null,"approved_at":null},"classification":{"rarity":"standard","school_safe":false,"moderation_required":true,"whitelist_approved":false},"visual":{"primary_color":null,"secondary_color":null,"accent_color":null,"silhouette_type":"hat","thumbnail_priority":5},"technical":{"polycount_max":10000,"polycount_actual":1,"texture_resolution":"256x256","texture_format":"png","texture_embedded":false,"export_format":"glb","file_size_kb_max":1024,"file_size_kb_actual":1,"attachment_type":"parented","attachment_bone":"attach_head","rig_required":false},"validation":{"copyright_review_passed":false,"school_safe_review_passed":false,"thumbnail_readability_passed":false,"clipping_test_passed":false,"browser_validation_passed":false,"qa_approved":false},"forbidden_reference_check":{"fortnite":false,"roblox":false,"minecraft":false,"nike":false,"adidas":false,"jordan":false,"marvel":false,"disney":false,"star_wars":false,"political_symbols":false,"nazi_symbols":false},"deployment":{"production_enabled":false,"release_group":"v1","rollout_stage":"none"},"audit":{"last_modified_by":"generation-pipeline:fb996ed7-0a62-48d5-b2e2-33268bd6854f","last_modified_at":"2026-05-08","review_notes":null}}
[PIPELINE] stage 7 — onboardingSubmit returned fb996ed7-0a62-48d5-b2e2-33268bd6854f
[PIPELINE] stage 7 — onboardingResult raw: {"success":true,"action":"submit","asset_id":"hat_gen_fb996ed7","message":"Asset onboarded successfully — 1 warning(s) recorded","asset":{"asset_id":"hat_gen_fb996ed7","slot":"hat","display_name":"a paper crown with jagged golden edges","current_status":"draft","production_enabled":false,"storage_path":"fb996ed7-0a62-48d5-b2e2-33268bd6854f/generated.glb","metadata":{"audit":{"review_notes":null,"last_modified_at":"2026-05-08","last_modified_by":"generation-pipeline:fb996ed7-0a62-48d5-b2e2-33268bd6854f"},"visual":{"accent_color":null,"primary_color":null,"secondary_color":null,"silhouette_type":"hat","thumbnail_priority":5},"identity":{"slot":"hat","status":"draft","version":"1.0","asset_id":"hat_gen_fb996ed7","created_at":"2026-05-08","created_by":"generation-pipeline:fb996ed7-0a62-48d5-b2e2-33268bd6854f","approved_at":null,"approved_by":null,"display_name":"a paper crown with jagged golden edges"},"technical":{"rig_required":false,"export_format":"glb","polycount_max":10000,"texture_format":"png","attachment_bone":"attach_head","attachment_type":"parented","file_size_kb_max":1024,"polycount_actual":1,"texture_embedded":false,"texture_resolution":"256x256","file_size_kb_actual":1},"deployment":{"release_group":"v1","rollout_stage":"none","production_enabled":false},"validation":{"qa_approved":false,"clipping_test_passed":false,"copyright_review_passed":false,"browser_validation_passed":false,"school_safe_review_passed":false,"thumbnail_readability_passed":false},"classification":{"rarity":"standard","school_safe":false,"whitelist_approved":false,"moderation_required":true},"schema_version":"1.0","forbidden_reference_check":{"nike":false,"adidas":false,"disney":false,"jordan":false,"marvel":false,"roblox":false,"fortnite":false,"minecraft":false,"star_wars":false,"nazi_symbols":false,"political_symbols":false}},"created_by":"generation-pipeline:fb996ed7-0a62-48d5-b2e2-33268bd6854f","created_at":"2026-05-08T14:58:03.761+00:00","last_modified_by":"generation-pipeline:fb996ed7-0a62-48d5-b2e2-33268bd6854f","last_modified_at":"2026-05-08T14:58:03.761+00:00"},"validation_run":{"id":"cc3367dc-616a-43f7-8d32-7468e0d847a4","asset_id":"hat_gen_fb996ed7","run_at":"2026-05-08T14:58:03.860785+00:00","triggered_by":"generation-pipeline:fb996ed7-0a62-48d5-b2e2-33268bd6854f","payload":{"audit":{"review_notes":null,"last_modified_at":"2026-05-08","last_modified_by":"generation-pipeline:fb996ed7-0a62-48d5-b2e2-33268bd6854f"},"visual":{"accent_color":null,"primary_color":null,"secondary_color":null,"silhouette_type":"hat","thumbnail_priority":5},"identity":{"slot":"hat","status":"draft","version":"1.0","asset_id":"hat_gen_fb996ed7","created_at":"2026-05-08","created_by":"generation-pipeline:fb996ed7-0a62-48d5-b2e2-33268bd6854f","approved_at":null,"approved_by":null,"display_name":"a paper crown with jagged golden edges"},"technical":{"rig_required":false,"export_format":"glb","polycount_max":10000,"texture_format":"png","attachment_bone":"attach_head","attachment_type":"parented","file_size_kb_max":1024,"polycount_actual":1,"texture_embedded":false,"texture_resolution":"256x256","file_size_kb_actual":1},"deployment":{"release_group":"v1","rollout_stage":"none","production_enabled":false},"validation":{"qa_approved":false,"clipping_test_passed":false,"copyright_review_passed":false,"browser_validation_passed":false,"school_safe_review_passed":false,"thumbnail_readability_passed":false},"classification":{"rarity":"standard","school_safe":false,"whitelist_approved":false,"moderation_required":true},"schema_version":"1.0","forbidden_reference_check":{"nike":false,"adidas":false,"disney":false,"jordan":false,"marvel":false,"roblox":false,"fortnite":false,"minecraft":false,"star_wars":false,"nazi_symbols":false,"political_symbols":false}},"response":{"valid":true,"errors":[],"asset_id":"hat_gen_fb996ed7","warnings":[{"field":"technical.polycount_actual","actual":"1","message":"polycount_actual is at or below 50% of polycount_max — asset may be under-detailed for its declared budget","rule_id":"RULE-NUM-005","expected":"> 5000 (50% of polycount_max 10000)","severity":"WARNING"}],"manual_review_flags":[]},"valid":true,"error_count":0,"warning_count":1,"manual_review_count":0},"validation_errors":[],"validation_warnings":[{"rule_id":"RULE-NUM-005","severity":"WARNING","field":"technical.polycount_actual","message":"polycount_actual is at or below 50% of polycount_max — asset may be under-detailed for its declared budget","expected":"> 5000 (50% of polycount_max 10000)","actual":"1"}],"validation_manual_review_flags":[],"review_items_created":0,"open_review_items":[]} fb996ed7-0a62-48d5-b2e2-33268bd6854f
[PIPELINE] stage 7 — checking onboardingResult.success fb996ed7-0a62-48d5-b2e2-33268bd6854f
[PIPELINE] stage 7 — success branch entered, success: true fb996ed7-0a62-48d5-b2e2-33268bd6854f
[PIPELINE] stage 7 — assigning onboardingValidationRunId fb996ed7-0a62-48d5-b2e2-33268bd6854f
[PIPELINE] stage 7 — onboardingValidationRunId assigned: cc3367dc-616a-43f7-8d32-7468e0d847a4 fb996ed7-0a62-48d5-b2e2-33268bd6854f
[PIPELINE] stage 7 — calling logEvent passed fb996ed7-0a62-48d5-b2e2-33268bd6854f
[PIPELINE] stage 7 done — callOnboardingSubmit accepted, validationRunId: cc3367dc-616a-43f7-8d32-7468e0d847a4 fb996ed7-0a62-48d5-b2e2-33268bd6854f
[PIPELINE] stage 8 start — uploadFileBytes GLB production fb996ed7-0a62-48d5-b2e2-33268bd6854f hat_gen_fb996ed7.glb
[PIPELINE] stage 8 done — uploadFileBytes GLB production fb996ed7-0a62-48d5-b2e2-33268bd6854f
[PIPELINE] stage 8 start — uploadFileBytes thumbnail production fb996ed7-0a62-48d5-b2e2-33268bd6854f hat_gen_fb996ed7.png
[PIPELINE] stage 8 done — uploadFileBytes thumbnail production fb996ed7-0a62-48d5-b2e2-33268bd6854f
[PIPELINE] stage 8 start — completeGenerationJob fb996ed7-0a62-48d5-b2e2-33268bd6854f hat_gen_fb996ed7 validationRunId: cc3367dc-616a-43f7-8d32-7468e0d847a4
[DB] completion affected rows: 1
[PIPELINE] stage 8 done — completeGenerationJob fb996ed7-0a62-48d5-b2e2-33268bd6854f
[worker] pending job found: f05165bb-8d27-4fe2-bf9a-edde3e4d930c
[worker] claimGenerationJob result: claimed
[worker] calling runGenerationPipeline f05165bb-8d27-4fe2-bf9a-edde3e4d930c
[PIPELINE] start f05165bb-8d27-4fe2-bf9a-edde3e4d930c
[PIPELINE] stage 1 done — job claimed by worker f05165bb-8d27-4fe2-bf9a-edde3e4d930c
[PIPELINE] calling runStages f05165bb-8d27-4fe2-bf9a-edde3e4d930c
[PIPELINE] runStages start f05165bb-8d27-4fe2-bf9a-edde3e4d930c targetAssetId: hat_gen_f05165bb
[PIPELINE] stage 2 start — calling avatar_assets ownership query f05165bb-8d27-4fe2-bf9a-edde3e4d930c
[PIPELINE] stage 2 done f05165bb-8d27-4fe2-bf9a-edde3e4d930c
[PIPELINE] stage 3 — generating GLB + PNG bytes f05165bb-8d27-4fe2-bf9a-edde3e4d930c
[PIPELINE] stage 3 — bytes generated, GLB: 48 thumb: 67
[PIPELINE] stage 3 — calling uploadFileBytes GLB staging f05165bb-8d27-4fe2-bf9a-edde3e4d930c f05165bb-8d27-4fe2-bf9a-edde3e4d930c/generated.glb
[PIPELINE] stage 3 — calling uploadFileBytes thumbnail staging f05165bb-8d27-4fe2-bf9a-edde3e4d930c f05165bb-8d27-4fe2-bf9a-edde3e4d930c/thumbnail.png
[PIPELINE] stage 3 — calling setGeneratedFiles f05165bb-8d27-4fe2-bf9a-edde3e4d930c
[DB] setGeneratedFiles calling RPC f05165bb-8d27-4fe2-bf9a-edde3e4d930c { previousVersion: 0, claimedAt: "2026-05-08T14:58:04.968409+00:00" }
[PIPELINE] stage 3 done f05165bb-8d27-4fe2-bf9a-edde3e4d930c
[PIPELINE] stage 4 start — calling checkCopyright f05165bb-8d27-4fe2-bf9a-edde3e4d930c
[PIPELINE] stage 4 — calling setCopyrightReview, verdict: clear f05165bb-8d27-4fe2-bf9a-edde3e4d930c
[DB] query created f05165bb-8d27-4fe2-bf9a-edde3e4d930c
[DB] query resolved f05165bb-8d27-4fe2-bf9a-edde3e4d930c
[DB] parsed result f05165bb-8d27-4fe2-bf9a-edde3e4d930c HAS DATA NO ERROR
[PIPELINE] stage 4 — setCopyrightReview returned, updatedJob: set f05165bb-8d27-4fe2-bf9a-edde3e4d930c
[PIPELINE] stage 4 done — setCopyrightReview CAS passed, result: clear f05165bb-8d27-4fe2-bf9a-edde3e4d930c
[PIPELINE] stage 5 done — copyright gate passed, proceeding to stages 6-8 f05165bb-8d27-4fe2-bf9a-edde3e4d930c
[PIPELINE] stage 5 — SKIP_ONBOARDING: false f05165bb-8d27-4fe2-bf9a-edde3e4d930c
[PIPELINE] stage 6 start — production re-check f05165bb-8d27-4fe2-bf9a-edde3e4d930c
[PIPELINE] stage 6 start — supabase.from(avatar_assets).select(production_enabled) f05165bb-8d27-4fe2-bf9a-edde3e4d930c hat_gen_f05165bb
[PIPELINE] stage 6 — production recheck returned, recheckError: none recheckAsset: null f05165bb-8d27-4fe2-bf9a-edde3e4d930c
[PIPELINE] stage 6 done — production recheck passed f05165bb-8d27-4fe2-bf9a-edde3e4d930c
[PIPELINE] stage 7 start — buildOnboardingMetadata f05165bb-8d27-4fe2-bf9a-edde3e4d930c
[PIPELINE] stage 7 — buildOnboardingMetadata done, glbStagingStoragePath: f05165bb-8d27-4fe2-bf9a-edde3e4d930c/generated.glb f05165bb-8d27-4fe2-bf9a-edde3e4d930c
[PIPELINE] stage 7 — calling onboardingSubmit f05165bb-8d27-4fe2-bf9a-edde3e4d930c triggeredBy: generation-pipeline:f05165bb-8d27-4fe2-bf9a-edde3e4d930c glbStagingStoragePath: f05165bb-8d27-4fe2-bf9a-edde3e4d930c/generated.glb onboardingMetadata: {"schema_version":"1.0","identity":{"asset_id":"hat_gen_f05165bb","slot":"hat","display_name":"a chef toque in bright white","version":"1.0","status":"draft","created_by":"generation-pipeline:f05165bb-8d27-4fe2-bf9a-edde3e4d930c","created_at":"2026-05-08","approved_by":null,"approved_at":null},"classification":{"rarity":"standard","school_safe":false,"moderation_required":true,"whitelist_approved":false},"visual":{"primary_color":null,"secondary_color":null,"accent_color":null,"silhouette_type":"hat","thumbnail_priority":5},"technical":{"polycount_max":10000,"polycount_actual":1,"texture_resolution":"256x256","texture_format":"png","texture_embedded":false,"export_format":"glb","file_size_kb_max":1024,"file_size_kb_actual":1,"attachment_type":"parented","attachment_bone":"attach_head","rig_required":false},"validation":{"copyright_review_passed":false,"school_safe_review_passed":false,"thumbnail_readability_passed":false,"clipping_test_passed":false,"browser_validation_passed":false,"qa_approved":false},"forbidden_reference_check":{"fortnite":false,"roblox":false,"minecraft":false,"nike":false,"adidas":false,"jordan":false,"marvel":false,"disney":false,"star_wars":false,"political_symbols":false,"nazi_symbols":false},"deployment":{"production_enabled":false,"release_group":"v1","rollout_stage":"none"},"audit":{"last_modified_by":"generation-pipeline:f05165bb-8d27-4fe2-bf9a-edde3e4d930c","last_modified_at":"2026-05-08","review_notes":null}}
[PIPELINE] stage 7 — onboardingSubmit returned f05165bb-8d27-4fe2-bf9a-edde3e4d930c
[PIPELINE] stage 7 — onboardingResult raw: {"success":true,"action":"submit","asset_id":"hat_gen_f05165bb","message":"Asset onboarded successfully — 1 warning(s) recorded","asset":{"asset_id":"hat_gen_f05165bb","slot":"hat","display_name":"a chef toque in bright white","current_status":"draft","production_enabled":false,"storage_path":"f05165bb-8d27-4fe2-bf9a-edde3e4d930c/generated.glb","metadata":{"audit":{"review_notes":null,"last_modified_at":"2026-05-08","last_modified_by":"generation-pipeline:f05165bb-8d27-4fe2-bf9a-edde3e4d930c"},"visual":{"accent_color":null,"primary_color":null,"secondary_color":null,"silhouette_type":"hat","thumbnail_priority":5},"identity":{"slot":"hat","status":"draft","version":"1.0","asset_id":"hat_gen_f05165bb","created_at":"2026-05-08","created_by":"generation-pipeline:f05165bb-8d27-4fe2-bf9a-edde3e4d930c","approved_at":null,"approved_by":null,"display_name":"a chef toque in bright white"},"technical":{"rig_required":false,"export_format":"glb","polycount_max":10000,"texture_format":"png","attachment_bone":"attach_head","attachment_type":"parented","file_size_kb_max":1024,"polycount_actual":1,"texture_embedded":false,"texture_resolution":"256x256","file_size_kb_actual":1},"deployment":{"release_group":"v1","rollout_stage":"none","production_enabled":false},"validation":{"qa_approved":false,"clipping_test_passed":false,"copyright_review_passed":false,"browser_validation_passed":false,"school_safe_review_passed":false,"thumbnail_readability_passed":false},"classification":{"rarity":"standard","school_safe":false,"whitelist_approved":false,"moderation_required":true},"schema_version":"1.0","forbidden_reference_check":{"nike":false,"adidas":false,"disney":false,"jordan":false,"marvel":false,"roblox":false,"fortnite":false,"minecraft":false,"star_wars":false,"nazi_symbols":false,"political_symbols":false}},"created_by":"generation-pipeline:f05165bb-8d27-4fe2-bf9a-edde3e4d930c","created_at":"2026-05-08T14:58:06.772+00:00","last_modified_by":"generation-pipeline:f05165bb-8d27-4fe2-bf9a-edde3e4d930c","last_modified_at":"2026-05-08T14:58:06.772+00:00"},"validation_run":{"id":"c313e8ab-2393-4ae4-b877-b211c2b43f43","asset_id":"hat_gen_f05165bb","run_at":"2026-05-08T14:58:06.90533+00:00","triggered_by":"generation-pipeline:f05165bb-8d27-4fe2-bf9a-edde3e4d930c","payload":{"audit":{"review_notes":null,"last_modified_at":"2026-05-08","last_modified_by":"generation-pipeline:f05165bb-8d27-4fe2-bf9a-edde3e4d930c"},"visual":{"accent_color":null,"primary_color":null,"secondary_color":null,"silhouette_type":"hat","thumbnail_priority":5},"identity":{"slot":"hat","status":"draft","version":"1.0","asset_id":"hat_gen_f05165bb","created_at":"2026-05-08","created_by":"generation-pipeline:f05165bb-8d27-4fe2-bf9a-edde3e4d930c","approved_at":null,"approved_by":null,"display_name":"a chef toque in bright white"},"technical":{"rig_required":false,"export_format":"glb","polycount_max":10000,"texture_format":"png","attachment_bone":"attach_head","attachment_type":"parented","file_size_kb_max":1024,"polycount_actual":1,"texture_embedded":false,"texture_resolution":"256x256","file_size_kb_actual":1},"deployment":{"release_group":"v1","rollout_stage":"none","production_enabled":false},"validation":{"qa_approved":false,"clipping_test_passed":false,"copyright_review_passed":false,"browser_validation_passed":false,"school_safe_review_passed":false,"thumbnail_readability_passed":false},"classification":{"rarity":"standard","school_safe":false,"whitelist_approved":false,"moderation_required":true},"schema_version":"1.0","forbidden_reference_check":{"nike":false,"adidas":false,"disney":false,"jordan":false,"marvel":false,"roblox":false,"fortnite":false,"minecraft":false,"star_wars":false,"nazi_symbols":false,"political_symbols":false}},"response":{"valid":true,"errors":[],"asset_id":"hat_gen_f05165bb","warnings":[{"field":"technical.polycount_actual","actual":"1","message":"polycount_actual is at or below 50% of polycount_max — asset may be under-detailed for its declared budget","rule_id":"RULE-NUM-005","expected":"> 5000 (50% of polycount_max 10000)","severity":"WARNING"}],"manual_review_flags":[]},"valid":true,"error_count":0,"warning_count":1,"manual_review_count":0},"validation_errors":[],"validation_warnings":[{"rule_id":"RULE-NUM-005","severity":"WARNING","field":"technical.polycount_actual","message":"polycount_actual is at or below 50% of polycount_max — asset may be under-detailed for its declared budget","expected":"> 5000 (50% of polycount_max 10000)","actual":"1"}],"validation_manual_review_flags":[],"review_items_created":0,"open_review_items":[]} f05165bb-8d27-4fe2-bf9a-edde3e4d930c
[PIPELINE] stage 7 — checking onboardingResult.success f05165bb-8d27-4fe2-bf9a-edde3e4d930c
[PIPELINE] stage 7 — success branch entered, success: true f05165bb-8d27-4fe2-bf9a-edde3e4d930c
[PIPELINE] stage 7 — assigning onboardingValidationRunId f05165bb-8d27-4fe2-bf9a-edde3e4d930c
[PIPELINE] stage 7 — onboardingValidationRunId assigned: c313e8ab-2393-4ae4-b877-b211c2b43f43 f05165bb-8d27-4fe2-bf9a-edde3e4d930c
[PIPELINE] stage 7 — calling logEvent passed f05165bb-8d27-4fe2-bf9a-edde3e4d930c
[PIPELINE] stage 7 done — callOnboardingSubmit accepted, validationRunId: c313e8ab-2393-4ae4-b877-b211c2b43f43 f05165bb-8d27-4fe2-bf9a-edde3e4d930c
[PIPELINE] stage 8 start — uploadFileBytes GLB production f05165bb-8d27-4fe2-bf9a-edde3e4d930c hat_gen_f05165bb.glb
[PIPELINE] stage 8 done — uploadFileBytes GLB production f05165bb-8d27-4fe2-bf9a-edde3e4d930c
[PIPELINE] stage 8 start — uploadFileBytes thumbnail production f05165bb-8d27-4fe2-bf9a-edde3e4d930c hat_gen_f05165bb.png
[PIPELINE] stage 8 done — uploadFileBytes thumbnail production f05165bb-8d27-4fe2-bf9a-edde3e4d930c
[PIPELINE] stage 8 start — completeGenerationJob f05165bb-8d27-4fe2-bf9a-edde3e4d930c hat_gen_f05165bb validationRunId: c313e8ab-2393-4ae4-b877-b211c2b43f43
[DB] completion affected rows: 1
[PIPELINE] stage 8 done — completeGenerationJob f05165bb-8d27-4fe2-bf9a-edde3e4d930c
[worker] pending job found: a1f9d280-a786-4898-a95c-2050528002ae
[worker] claimGenerationJob result: claimed
[worker] calling runGenerationPipeline a1f9d280-a786-4898-a95c-2050528002ae
[PIPELINE] start a1f9d280-a786-4898-a95c-2050528002ae
[PIPELINE] stage 1 done — job claimed by worker a1f9d280-a786-4898-a95c-2050528002ae
[PIPELINE] calling runStages a1f9d280-a786-4898-a95c-2050528002ae
[PIPELINE] runStages start a1f9d280-a786-4898-a95c-2050528002ae targetAssetId: hat_gen_a1f9d280
[PIPELINE] stage 2 start — calling avatar_assets ownership query a1f9d280-a786-4898-a95c-2050528002ae
[PIPELINE] stage 2 done a1f9d280-a786-4898-a95c-2050528002ae
[PIPELINE] stage 3 — generating GLB + PNG bytes a1f9d280-a786-4898-a95c-2050528002ae
[PIPELINE] stage 3 — bytes generated, GLB: 48 thumb: 67
[PIPELINE] stage 3 — calling uploadFileBytes GLB staging a1f9d280-a786-4898-a95c-2050528002ae a1f9d280-a786-4898-a95c-2050528002ae/generated.glb
[PIPELINE] stage 3 — calling uploadFileBytes thumbnail staging a1f9d280-a786-4898-a95c-2050528002ae a1f9d280-a786-4898-a95c-2050528002ae/thumbnail.png
[PIPELINE] stage 3 — calling setGeneratedFiles a1f9d280-a786-4898-a95c-2050528002ae
[DB] setGeneratedFiles calling RPC a1f9d280-a786-4898-a95c-2050528002ae { previousVersion: 0, claimedAt: "2026-05-08T14:58:07.777309+00:00" }
[PIPELINE] stage 3 done a1f9d280-a786-4898-a95c-2050528002ae
[PIPELINE] stage 4 start — calling checkCopyright a1f9d280-a786-4898-a95c-2050528002ae
[PIPELINE] stage 4 — calling setCopyrightReview, verdict: clear a1f9d280-a786-4898-a95c-2050528002ae
[DB] query created a1f9d280-a786-4898-a95c-2050528002ae
[DB] query resolved a1f9d280-a786-4898-a95c-2050528002ae
[DB] parsed result a1f9d280-a786-4898-a95c-2050528002ae HAS DATA NO ERROR
[PIPELINE] stage 4 — setCopyrightReview returned, updatedJob: set a1f9d280-a786-4898-a95c-2050528002ae
[PIPELINE] stage 4 done — setCopyrightReview CAS passed, result: clear a1f9d280-a786-4898-a95c-2050528002ae
[PIPELINE] stage 5 done — copyright gate passed, proceeding to stages 6-8 a1f9d280-a786-4898-a95c-2050528002ae
[PIPELINE] stage 5 — SKIP_ONBOARDING: false a1f9d280-a786-4898-a95c-2050528002ae
[PIPELINE] stage 6 start — production re-check a1f9d280-a786-4898-a95c-2050528002ae
[PIPELINE] stage 6 start — supabase.from(avatar_assets).select(production_enabled) a1f9d280-a786-4898-a95c-2050528002ae hat_gen_a1f9d280
[PIPELINE] stage 6 — production recheck returned, recheckError: none recheckAsset: null a1f9d280-a786-4898-a95c-2050528002ae
[PIPELINE] stage 6 done — production recheck passed a1f9d280-a786-4898-a95c-2050528002ae
[PIPELINE] stage 7 start — buildOnboardingMetadata a1f9d280-a786-4898-a95c-2050528002ae
[PIPELINE] stage 7 — buildOnboardingMetadata done, glbStagingStoragePath: a1f9d280-a786-4898-a95c-2050528002ae/generated.glb a1f9d280-a786-4898-a95c-2050528002ae
[PIPELINE] stage 7 — calling onboardingSubmit a1f9d280-a786-4898-a95c-2050528002ae triggeredBy: generation-pipeline:a1f9d280-a786-4898-a95c-2050528002ae glbStagingStoragePath: a1f9d280-a786-4898-a95c-2050528002ae/generated.glb onboardingMetadata: {"schema_version":"1.0","identity":{"asset_id":"hat_gen_a1f9d280","slot":"hat","display_name":"a knight helmet with a visor and plume","version":"1.0","status":"draft","created_by":"generation-pipeline:a1f9d280-a786-4898-a95c-2050528002ae","created_at":"2026-05-08","approved_by":null,"approved_at":null},"classification":{"rarity":"standard","school_safe":false,"moderation_required":true,"whitelist_approved":false},"visual":{"primary_color":null,"secondary_color":null,"accent_color":null,"silhouette_type":"hat","thumbnail_priority":5},"technical":{"polycount_max":10000,"polycount_actual":1,"texture_resolution":"256x256","texture_format":"png","texture_embedded":false,"export_format":"glb","file_size_kb_max":1024,"file_size_kb_actual":1,"attachment_type":"parented","attachment_bone":"attach_head","rig_required":false},"validation":{"copyright_review_passed":false,"school_safe_review_passed":false,"thumbnail_readability_passed":false,"clipping_test_passed":false,"browser_validation_passed":false,"qa_approved":false},"forbidden_reference_check":{"fortnite":false,"roblox":false,"minecraft":false,"nike":false,"adidas":false,"jordan":false,"marvel":false,"disney":false,"star_wars":false,"political_symbols":false,"nazi_symbols":false},"deployment":{"production_enabled":false,"release_group":"v1","rollout_stage":"none"},"audit":{"last_modified_by":"generation-pipeline:a1f9d280-a786-4898-a95c-2050528002ae","last_modified_at":"2026-05-08","review_notes":null}}
[PIPELINE] stage 7 — onboardingSubmit returned a1f9d280-a786-4898-a95c-2050528002ae
[PIPELINE] stage 7 — onboardingResult raw: {"success":true,"action":"submit","asset_id":"hat_gen_a1f9d280","message":"Asset onboarded successfully — 1 warning(s) recorded","asset":{"asset_id":"hat_gen_a1f9d280","slot":"hat","display_name":"a knight helmet with a visor and plume","current_status":"draft","production_enabled":false,"storage_path":"a1f9d280-a786-4898-a95c-2050528002ae/generated.glb","metadata":{"audit":{"review_notes":null,"last_modified_at":"2026-05-08","last_modified_by":"generation-pipeline:a1f9d280-a786-4898-a95c-2050528002ae"},"visual":{"accent_color":null,"primary_color":null,"secondary_color":null,"silhouette_type":"hat","thumbnail_priority":5},"identity":{"slot":"hat","status":"draft","version":"1.0","asset_id":"hat_gen_a1f9d280","created_at":"2026-05-08","created_by":"generation-pipeline:a1f9d280-a786-4898-a95c-2050528002ae","approved_at":null,"approved_by":null,"display_name":"a knight helmet with a visor and plume"},"technical":{"rig_required":false,"export_format":"glb","polycount_max":10000,"texture_format":"png","attachment_bone":"attach_head","attachment_type":"parented","file_size_kb_max":1024,"polycount_actual":1,"texture_embedded":false,"texture_resolution":"256x256","file_size_kb_actual":1},"deployment":{"release_group":"v1","rollout_stage":"none","production_enabled":false},"validation":{"qa_approved":false,"clipping_test_passed":false,"copyright_review_passed":false,"browser_validation_passed":false,"school_safe_review_passed":false,"thumbnail_readability_passed":false},"classification":{"rarity":"standard","school_safe":false,"whitelist_approved":false,"moderation_required":true},"schema_version":"1.0","forbidden_reference_check":{"nike":false,"adidas":false,"disney":false,"jordan":false,"marvel":false,"roblox":false,"fortnite":false,"minecraft":false,"star_wars":false,"nazi_symbols":false,"political_symbols":false}},"created_by":"generation-pipeline:a1f9d280-a786-4898-a95c-2050528002ae","created_at":"2026-05-08T14:58:23.908+00:00","last_modified_by":"generation-pipeline:a1f9d280-a786-4898-a95c-2050528002ae","last_modified_at":"2026-05-08T14:58:23.908+00:00"},"validation_run":{"id":"342e4413-e6f9-4174-ab7f-2faa811c4b18","asset_id":"hat_gen_a1f9d280","run_at":"2026-05-08T14:58:24.002711+00:00","triggered_by":"generation-pipeline:a1f9d280-a786-4898-a95c-2050528002ae","payload":{"audit":{"review_notes":null,"last_modified_at":"2026-05-08","last_modified_by":"generation-pipeline:a1f9d280-a786-4898-a95c-2050528002ae"},"visual":{"accent_color":null,"primary_color":null,"secondary_color":null,"silhouette_type":"hat","thumbnail_priority":5},"identity":{"slot":"hat","status":"draft","version":"1.0","asset_id":"hat_gen_a1f9d280","created_at":"2026-05-08","created_by":"generation-pipeline:a1f9d280-a786-4898-a95c-2050528002ae","approved_at":null,"approved_by":null,"display_name":"a knight helmet with a visor and plume"},"technical":{"rig_required":false,"export_format":"glb","polycount_max":10000,"texture_format":"png","attachment_bone":"attach_head","attachment_type":"parented","file_size_kb_max":1024,"polycount_actual":1,"texture_embedded":false,"texture_resolution":"256x256","file_size_kb_actual":1},"deployment":{"release_group":"v1","rollout_stage":"none","production_enabled":false},"validation":{"qa_approved":false,"clipping_test_passed":false,"copyright_review_passed":false,"browser_validation_passed":false,"school_safe_review_passed":false,"thumbnail_readability_passed":false},"classification":{"rarity":"standard","school_safe":false,"whitelist_approved":false,"moderation_required":true},"schema_version":"1.0","forbidden_reference_check":{"nike":false,"adidas":false,"disney":false,"jordan":false,"marvel":false,"roblox":false,"fortnite":false,"minecraft":false,"star_wars":false,"nazi_symbols":false,"political_symbols":false}},"response":{"valid":true,"errors":[],"asset_id":"hat_gen_a1f9d280","warnings":[{"field":"technical.polycount_actual","actual":"1","message":"polycount_actual is at or below 50% of polycount_max — asset may be under-detailed for its declared budget","rule_id":"RULE-NUM-005","expected":"> 5000 (50% of polycount_max 10000)","severity":"WARNING"}],"manual_review_flags":[]},"valid":true,"error_count":0,"warning_count":1,"manual_review_count":0},"validation_errors":[],"validation_warnings":[{"rule_id":"RULE-NUM-005","severity":"WARNING","field":"technical.polycount_actual","message":"polycount_actual is at or below 50% of polycount_max — asset may be under-detailed for its declared budget","expected":"> 5000 (50% of polycount_max 10000)","actual":"1"}],"validation_manual_review_flags":[],"review_items_created":0,"open_review_items":[]} a1f9d280-a786-4898-a95c-2050528002ae
[PIPELINE] stage 7 — checking onboardingResult.success a1f9d280-a786-4898-a95c-2050528002ae
[PIPELINE] stage 7 — success branch entered, success: true a1f9d280-a786-4898-a95c-2050528002ae
[PIPELINE] stage 7 — assigning onboardingValidationRunId a1f9d280-a786-4898-a95c-2050528002ae
[PIPELINE] stage 7 — onboardingValidationRunId assigned: 342e4413-e6f9-4174-ab7f-2faa811c4b18 a1f9d280-a786-4898-a95c-2050528002ae
[PIPELINE] stage 7 — calling logEvent passed a1f9d280-a786-4898-a95c-2050528002ae
[PIPELINE] stage 7 done — callOnboardingSubmit accepted, validationRunId: 342e4413-e6f9-4174-ab7f-2faa811c4b18 a1f9d280-a786-4898-a95c-2050528002ae
[PIPELINE] stage 8 start — uploadFileBytes GLB production a1f9d280-a786-4898-a95c-2050528002ae hat_gen_a1f9d280.glb
[PIPELINE] stage 8 done — uploadFileBytes GLB production a1f9d280-a786-4898-a95c-2050528002ae
[PIPELINE] stage 8 start — uploadFileBytes thumbnail production a1f9d280-a786-4898-a95c-2050528002ae hat_gen_a1f9d280.png
[PIPELINE] stage 8 done — uploadFileBytes thumbnail production a1f9d280-a786-4898-a95c-2050528002ae
[PIPELINE] stage 8 start — completeGenerationJob a1f9d280-a786-4898-a95c-2050528002ae hat_gen_a1f9d280 validationRunId: 342e4413-e6f9-4174-ab7f-2faa811c4b18
[DB] completion affected rows: 1
[PIPELINE] stage 8 done — completeGenerationJob a1f9d280-a786-4898-a95c-2050528002ae
[worker] pending job found: fb6da5e4-7630-47cd-901b-41fdf09960d0
[worker] claimGenerationJob result: claimed
[worker] calling runGenerationPipeline fb6da5e4-7630-47cd-901b-41fdf09960d0
[PIPELINE] start fb6da5e4-7630-47cd-901b-41fdf09960d0
[PIPELINE] stage 1 done — job claimed by worker fb6da5e4-7630-47cd-901b-41fdf09960d0
[PIPELINE] calling runStages fb6da5e4-7630-47cd-901b-41fdf09960d0
[PIPELINE] runStages start fb6da5e4-7630-47cd-901b-41fdf09960d0 targetAssetId: hat_gen_fb6da5e4
[PIPELINE] stage 2 start — calling avatar_assets ownership query fb6da5e4-7630-47cd-901b-41fdf09960d0
[PIPELINE] stage 2 done fb6da5e4-7630-47cd-901b-41fdf09960d0
[PIPELINE] stage 3 — generating GLB + PNG bytes fb6da5e4-7630-47cd-901b-41fdf09960d0
[PIPELINE] stage 3 — bytes generated, GLB: 48 thumb: 67
[PIPELINE] stage 3 — calling uploadFileBytes GLB staging fb6da5e4-7630-47cd-901b-41fdf09960d0 fb6da5e4-7630-47cd-901b-41fdf09960d0/generated.glb
[PIPELINE] stage 3 — calling uploadFileBytes thumbnail staging fb6da5e4-7630-47cd-901b-41fdf09960d0 fb6da5e4-7630-47cd-901b-41fdf09960d0/thumbnail.png
[PIPELINE] stage 3 — calling setGeneratedFiles fb6da5e4-7630-47cd-901b-41fdf09960d0
[DB] setGeneratedFiles calling RPC fb6da5e4-7630-47cd-901b-41fdf09960d0 { previousVersion: 0, claimedAt: "2026-05-08T14:58:25.314029+00:00" }
[PIPELINE] stage 3 done fb6da5e4-7630-47cd-901b-41fdf09960d0
[PIPELINE] stage 4 start — calling checkCopyright fb6da5e4-7630-47cd-901b-41fdf09960d0
[PIPELINE] stage 4 — calling setCopyrightReview, verdict: clear fb6da5e4-7630-47cd-901b-41fdf09960d0
[DB] query created fb6da5e4-7630-47cd-901b-41fdf09960d0
[DB] query resolved fb6da5e4-7630-47cd-901b-41fdf09960d0
[DB] parsed result fb6da5e4-7630-47cd-901b-41fdf09960d0 HAS DATA NO ERROR
[PIPELINE] stage 4 — setCopyrightReview returned, updatedJob: set fb6da5e4-7630-47cd-901b-41fdf09960d0
[PIPELINE] stage 4 done — setCopyrightReview CAS passed, result: clear fb6da5e4-7630-47cd-901b-41fdf09960d0
[PIPELINE] stage 5 done — copyright gate passed, proceeding to stages 6-8 fb6da5e4-7630-47cd-901b-41fdf09960d0
[PIPELINE] stage 5 — SKIP_ONBOARDING: false fb6da5e4-7630-47cd-901b-41fdf09960d0
[PIPELINE] stage 6 start — production re-check fb6da5e4-7630-47cd-901b-41fdf09960d0
[PIPELINE] stage 6 start — supabase.from(avatar_assets).select(production_enabled) fb6da5e4-7630-47cd-901b-41fdf09960d0 hat_gen_fb6da5e4
[PIPELINE] stage 6 — production recheck returned, recheckError: none recheckAsset: null fb6da5e4-7630-47cd-901b-41fdf09960d0
[PIPELINE] stage 6 done — production recheck passed fb6da5e4-7630-47cd-901b-41fdf09960d0
[PIPELINE] stage 7 start — buildOnboardingMetadata fb6da5e4-7630-47cd-901b-41fdf09960d0
[PIPELINE] stage 7 — buildOnboardingMetadata done, glbStagingStoragePath: fb6da5e4-7630-47cd-901b-41fdf09960d0/generated.glb fb6da5e4-7630-47cd-901b-41fdf09960d0
[PIPELINE] stage 7 — calling onboardingSubmit fb6da5e4-7630-47cd-901b-41fdf09960d0 triggeredBy: generation-pipeline:fb6da5e4-7630-47cd-901b-41fdf09960d0 glbStagingStoragePath: fb6da5e4-7630-47cd-901b-41fdf09960d0/generated.glb onboardingMetadata: {"schema_version":"1.0","identity":{"asset_id":"hat_gen_fb6da5e4","slot":"hat","display_name":"a hardhat in bright yellow","version":"1.0","status":"draft","created_by":"generation-pipeline:fb6da5e4-7630-47cd-901b-41fdf09960d0","created_at":"2026-05-08","approved_by":null,"approved_at":null},"classification":{"rarity":"standard","school_safe":false,"moderation_required":true,"whitelist_approved":false},"visual":{"primary_color":null,"secondary_color":null,"accent_color":null,"silhouette_type":"hat","thumbnail_priority":5},"technical":{"polycount_max":10000,"polycount_actual":1,"texture_resolution":"256x256","texture_format":"png","texture_embedded":false,"export_format":"glb","file_size_kb_max":1024,"file_size_kb_actual":1,"attachment_type":"parented","attachment_bone":"attach_head","rig_required":false},"validation":{"copyright_review_passed":false,"school_safe_review_passed":false,"thumbnail_readability_passed":false,"clipping_test_passed":false,"browser_validation_passed":false,"qa_approved":false},"forbidden_reference_check":{"fortnite":false,"roblox":false,"minecraft":false,"nike":false,"adidas":false,"jordan":false,"marvel":false,"disney":false,"star_wars":false,"political_symbols":false,"nazi_symbols":false},"deployment":{"production_enabled":false,"release_group":"v1","rollout_stage":"none"},"audit":{"last_modified_by":"generation-pipeline:fb6da5e4-7630-47cd-901b-41fdf09960d0","last_modified_at":"2026-05-08","review_notes":null}}
[PIPELINE] stage 7 — onboardingSubmit returned fb6da5e4-7630-47cd-901b-41fdf09960d0
[PIPELINE] stage 7 — onboardingResult raw: {"success":true,"action":"submit","asset_id":"hat_gen_fb6da5e4","message":"Asset onboarded successfully — 1 warning(s) recorded","asset":{"asset_id":"hat_gen_fb6da5e4","slot":"hat","display_name":"a hardhat in bright yellow","current_status":"draft","production_enabled":false,"storage_path":"fb6da5e4-7630-47cd-901b-41fdf09960d0/generated.glb","metadata":{"audit":{"review_notes":null,"last_modified_at":"2026-05-08","last_modified_by":"generation-pipeline:fb6da5e4-7630-47cd-901b-41fdf09960d0"},"visual":{"accent_color":null,"primary_color":null,"secondary_color":null,"silhouette_type":"hat","thumbnail_priority":5},"identity":{"slot":"hat","status":"draft","version":"1.0","asset_id":"hat_gen_fb6da5e4","created_at":"2026-05-08","created_by":"generation-pipeline:fb6da5e4-7630-47cd-901b-41fdf09960d0","approved_at":null,"approved_by":null,"display_name":"a hardhat in bright yellow"},"technical":{"rig_required":false,"export_format":"glb","polycount_max":10000,"texture_format":"png","attachment_bone":"attach_head","attachment_type":"parented","file_size_kb_max":1024,"polycount_actual":1,"texture_embedded":false,"texture_resolution":"256x256","file_size_kb_actual":1},"deployment":{"release_group":"v1","rollout_stage":"none","production_enabled":false},"validation":{"qa_approved":false,"clipping_test_passed":false,"copyright_review_passed":false,"browser_validation_passed":false,"school_safe_review_passed":false,"thumbnail_readability_passed":false},"classification":{"rarity":"standard","school_safe":false,"whitelist_approved":false,"moderation_required":true},"schema_version":"1.0","forbidden_reference_check":{"nike":false,"adidas":false,"disney":false,"jordan":false,"marvel":false,"roblox":false,"fortnite":false,"minecraft":false,"star_wars":false,"nazi_symbols":false,"political_symbols":false}},"created_by":"generation-pipeline:fb6da5e4-7630-47cd-901b-41fdf09960d0","created_at":"2026-05-08T14:58:27.849+00:00","last_modified_by":"generation-pipeline:fb6da5e4-7630-47cd-901b-41fdf09960d0","last_modified_at":"2026-05-08T14:58:27.849+00:00"},"validation_run":{"id":"c93d3fa6-a09a-4470-9929-0437aba58be9","asset_id":"hat_gen_fb6da5e4","run_at":"2026-05-08T14:58:27.943854+00:00","triggered_by":"generation-pipeline:fb6da5e4-7630-47cd-901b-41fdf09960d0","payload":{"audit":{"review_notes":null,"last_modified_at":"2026-05-08","last_modified_by":"generation-pipeline:fb6da5e4-7630-47cd-901b-41fdf09960d0"},"visual":{"accent_color":null,"primary_color":null,"secondary_color":null,"silhouette_type":"hat","thumbnail_priority":5},"identity":{"slot":"hat","status":"draft","version":"1.0","asset_id":"hat_gen_fb6da5e4","created_at":"2026-05-08","created_by":"generation-pipeline:fb6da5e4-7630-47cd-901b-41fdf09960d0","approved_at":null,"approved_by":null,"display_name":"a hardhat in bright yellow"},"technical":{"rig_required":false,"export_format":"glb","polycount_max":10000,"texture_format":"png","attachment_bone":"attach_head","attachment_type":"parented","file_size_kb_max":1024,"polycount_actual":1,"texture_embedded":false,"texture_resolution":"256x256","file_size_kb_actual":1},"deployment":{"release_group":"v1","rollout_stage":"none","production_enabled":false},"validation":{"qa_approved":false,"clipping_test_passed":false,"copyright_review_passed":false,"browser_validation_passed":false,"school_safe_review_passed":false,"thumbnail_readability_passed":false},"classification":{"rarity":"standard","school_safe":false,"whitelist_approved":false,"moderation_required":true},"schema_version":"1.0","forbidden_reference_check":{"nike":false,"adidas":false,"disney":false,"jordan":false,"marvel":false,"roblox":false,"fortnite":false,"minecraft":false,"star_wars":false,"nazi_symbols":false,"political_symbols":false}},"response":{"valid":true,"errors":[],"asset_id":"hat_gen_fb6da5e4","warnings":[{"field":"technical.polycount_actual","actual":"1","message":"polycount_actual is at or below 50% of polycount_max — asset may be under-detailed for its declared budget","rule_id":"RULE-NUM-005","expected":"> 5000 (50% of polycount_max 10000)","severity":"WARNING"}],"manual_review_flags":[]},"valid":true,"error_count":0,"warning_count":1,"manual_review_count":0},"validation_errors":[],"validation_warnings":[{"rule_id":"RULE-NUM-005","severity":"WARNING","field":"technical.polycount_actual","message":"polycount_actual is at or below 50% of polycount_max — asset may be under-detailed for its declared budget","expected":"> 5000 (50% of polycount_max 10000)","actual":"1"}],"validation_manual_review_flags":[],"review_items_created":0,"open_review_items":[]} fb6da5e4-7630-47cd-901b-41fdf09960d0
[PIPELINE] stage 7 — checking onboardingResult.success fb6da5e4-7630-47cd-901b-41fdf09960d0
[PIPELINE] stage 7 — success branch entered, success: true fb6da5e4-7630-47cd-901b-41fdf09960d0
[PIPELINE] stage 7 — assigning onboardingValidationRunId fb6da5e4-7630-47cd-901b-41fdf09960d0
[PIPELINE] stage 7 — onboardingValidationRunId assigned: c93d3fa6-a09a-4470-9929-0437aba58be9 fb6da5e4-7630-47cd-901b-41fdf09960d0
[PIPELINE] stage 7 — calling logEvent passed fb6da5e4-7630-47cd-901b-41fdf09960d0
[PIPELINE] stage 7 done — callOnboardingSubmit accepted, validationRunId: c93d3fa6-a09a-4470-9929-0437aba58be9 fb6da5e4-7630-47cd-901b-41fdf09960d0
[PIPELINE] stage 8 start — uploadFileBytes GLB production fb6da5e4-7630-47cd-901b-41fdf09960d0 hat_gen_fb6da5e4.glb
[PIPELINE] stage 8 done — uploadFileBytes GLB production fb6da5e4-7630-47cd-901b-41fdf09960d0
[PIPELINE] stage 8 start — uploadFileBytes thumbnail production fb6da5e4-7630-47cd-901b-41fdf09960d0 hat_gen_fb6da5e4.png
[PIPELINE] stage 8 done — uploadFileBytes thumbnail production fb6da5e4-7630-47cd-901b-41fdf09960d0
[PIPELINE] stage 8 start — completeGenerationJob fb6da5e4-7630-47cd-901b-41fdf09960d0 hat_gen_fb6da5e4 validationRunId: c93d3fa6-a09a-4470-9929-0437aba58be9
[DB] completion affected rows: 1
[PIPELINE] stage 8 done — completeGenerationJob fb6da5e4-7630-47cd-901b-41fdf09960d0
